2025-02-25 12:32:29.748 [main] INFO  o.s.t.c.s.AnnotationConfigContextLoaderUtils - Could not detect default configuration classes for test class [com.bootcamp.btmsaccounts.MsAccountsApplicationTests]: MsAccountsApplicationTests does not declare any static, non-private, non-final, nested classes annotated with @Configuration.
2025-02-25 12:32:30.087 [main] INFO  o.s.b.t.c.SpringBootTestContextBootstrapper - Found @SpringBootConfiguration com.bootcamp.btmsaccounts.MsAccountsApplication for test class com.bootcamp.btmsaccounts.MsAccountsApplicationTests
2025-02-25 12:32:31.542 [background-preinit] INFO  o.h.validator.internal.util.Version - HV000001: Hibernate Validator 8.0.2.Final
2025-02-25 12:32:32.695 [main] INFO  o.s.c.c.c.ConfigServicePropertySourceLocator - Fetching config from server at : http://localhost:9001
2025-02-25 12:32:35.101 [main] INFO  o.s.c.c.c.ConfigServicePropertySourceLocator - Located environment: name=bt-ms-accounts, profiles=[dev], label=null, version=c2c892c4a5466206eb8353f66864ddf3b15255e8, state=
2025-02-25 12:32:35.103 [main] INFO  o.s.c.b.c.PropertySourceBootstrapConfiguration - Located property source: [BootstrapPropertySource {name='bootstrapProperties-configClient'}, BootstrapPropertySource {name='bootstrapProperties-https://github.com/AldoSBou/BootcampConfigServerFiles/bt-ms-accounts-dev.yml'}]
2025-02-25 12:32:35.120 [main] INFO  c.b.b.MsAccountsApplicationTests - No active profile set, falling back to 1 default profile: "default"
2025-02-25 12:32:36.009 [main] INFO  o.s.d.r.c.RepositoryConfigurationDelegate - Bootstrapping Spring Data Reactive MongoDB repositories in DEFAULT mode.
2025-02-25 12:32:36.232 [main] INFO  o.s.d.r.c.RepositoryConfigurationDelegate - Finished Spring Data repository scanning in 208 ms. Found 1 Reactive MongoDB repository interface.
2025-02-25 12:32:36.599 [main] INFO  o.s.cloud.context.scope.GenericScope - BeanFactory id=0671a27f-62c4-3f1c-ba6f-437f334bf433
2025-02-25 12:32:37.998 [main] INFO  org.mongodb.driver.client - MongoClient with metadata {"driver": {"name": "mongo-java-driver|reactive-streams|spring-boot", "version": "5.2.1"}, "os": {"type": "Windows", "name": "Windows 10", "architecture": "amd64", "version": "10.0"}, "platform": "Java/Oracle Corporation/17.0.12+8-LTS-286"} created with settings MongoClientSettings{readPreference=primary, writeConcern=WriteConcern{w=null, wTimeout=null ms, journal=null}, retryWrites=true, retryReads=true, readConcern=ReadConcern{level=null}, credential=null, transportSettings=NettyTransportSettings{eventLoopGroup=io.netty.channel.nio.NioEventLoopGroup@1172d47, socketChannelClass=null, allocator=null, sslContext=null}, commandListeners=[], codecRegistry=ProvidersCodecRegistry{codecProviders=[ValueCodecProvider{}, BsonValueCodecProvider{}, DBRefCodecProvider{}, DBObjectCodecProvider{}, DocumentCodecProvider{}, CollectionCodecProvider{}, IterableCodecProvider{}, MapCodecProvider{}, GeoJsonCodecProvider{}, GridFSFileCodecProvider{}, Jsr310CodecProvider{}, JsonObjectCodecProvider{}, BsonCodecProvider{}, EnumCodecProvider{}, com.mongodb.client.model.mql.ExpressionCodecProvider@5ecc530, com.mongodb.Jep395RecordCodecProvider@7fa0f739, com.mongodb.KotlinCodecProvider@7f74ae13]}, loggerSettings=LoggerSettings{maxDocumentLength=1000}, clusterSettings={hosts=[localhost:27017], srvServiceName=mongodb, mode=SINGLE, requiredClusterType=UNKNOWN, requiredReplicaSetName='null', serverSelector='null', clusterListeners='[]', serverSelectionTimeout='30000 ms', localThreshold='15 ms'}, socketSettings=SocketSettings{connectTimeoutMS=10000, readTimeoutMS=0, receiveBufferSize=0, proxySettings=ProxySettings{host=null, port=null, username=null, password=null}}, heartbeatSocketSettings=SocketSettings{connectTimeoutMS=10000, readTimeoutMS=10000, receiveBufferSize=0, proxySettings=ProxySettings{host=null, port=null, username=null, password=null}}, connectionPoolSettings=ConnectionPoolSettings{maxSize=100, minSize=0, maxWaitTimeMS=120000, maxConnectionLifeTimeMS=0, maxConnectionIdleTimeMS=0, maintenanceInitialDelayMS=0, maintenanceFrequencyMS=60000, connectionPoolListeners=[], maxConnecting=2}, serverSettings=ServerSettings{heartbeatFrequencyMS=10000, minHeartbeatFrequencyMS=500, serverMonitoringMode=AUTO, serverListeners='[]', serverMonitorListeners='[]'}, sslSettings=SslSettings{enabled=false, invalidHostNameAllowed=false, context=null}, applicationName='null', compressorList=[], uuidRepresentation=JAVA_LEGACY, serverApi=null, autoEncryptionSettings=null, dnsClient=null, inetAddressResolver=null, contextProvider=null, timeoutMS=null}
2025-02-25 12:32:38.257 [cluster-ClusterId{value='67bdfeb5ea36c458a6035563', description='null'}-localhost:27017] INFO  org.mongodb.driver.cluster - Monitor thread successfully connected to server with description ServerDescription{address=localhost:27017, type=STANDALONE, cryptd=false, state=CONNECTED, ok=true, minWireVersion=0, maxWireVersion=25, maxDocumentSize=16777216, logicalSessionTimeoutMinutes=30, roundTripTimeNanos=126739200, minRoundTripTimeNanos=0}
2025-02-25 12:32:39.787 [main] WARN  o.s.w.r.r.ResourceHandlerUtils - Appended trailing slash to static resource location: classpath:/META-INF/resources/webjars/swagger-ui/5.18.3/
2025-02-25 12:32:40.352 [main] INFO  o.s.c.n.e.c.DiscoveryClientOptionalArgsConfiguration - Eureka HTTP Client uses RestTemplate.
2025-02-25 12:32:40.412 [main] WARN  o.s.c.l.c.LoadBalancerCacheAutoConfiguration$LoadBalancerCaffeineWarnLogger - Spring Cloud LoadBalancer is currently working with the default cache. While this cache implementation is useful for development and tests, it's recommended to use Caffeine cache in production.You can switch to using Caffeine cache, by adding it and org.springframework.cache.caffeine.CaffeineCacheManager to the classpath.
2025-02-25 12:32:40.465 [main] INFO  o.s.c.n.eureka.InstanceInfoFactory - Setting initial instance status as: STARTING
2025-02-25 12:32:40.509 [main] INFO  c.netflix.discovery.DiscoveryClient - Initializing Eureka in region us-east-1
2025-02-25 12:32:40.515 [main] INFO  c.n.d.s.r.aws.ConfigClusterResolver - Resolving eureka endpoints via configuration
2025-02-25 12:32:40.533 [main] INFO  c.netflix.discovery.DiscoveryClient - Disable delta property : false
2025-02-25 12:32:40.533 [main] INFO  c.netflix.discovery.DiscoveryClient - Single vip registry refresh property : null
2025-02-25 12:32:40.533 [main] INFO  c.netflix.discovery.DiscoveryClient - Force full registry fetch : false
2025-02-25 12:32:40.533 [main] INFO  c.netflix.discovery.DiscoveryClient - Application is null : false
2025-02-25 12:32:40.533 [main] INFO  c.netflix.discovery.DiscoveryClient - Registered Applications size is zero : true
2025-02-25 12:32:40.534 [main] INFO  c.netflix.discovery.DiscoveryClient - Application version is -1: true
2025-02-25 12:32:40.534 [main] INFO  c.netflix.discovery.DiscoveryClient - Getting all instance registry info from the eureka server
2025-02-25 12:32:40.941 [main] INFO  c.netflix.discovery.DiscoveryClient - The response status is 200
2025-02-25 12:32:40.944 [main] INFO  c.netflix.discovery.DiscoveryClient - Starting heartbeat executor: renew interval is: 30
2025-02-25 12:32:40.946 [main] INFO  c.n.discovery.InstanceInfoReplicator - InstanceInfoReplicator onDemand update allowed rate per min is 4
2025-02-25 12:32:40.949 [main] INFO  c.netflix.discovery.DiscoveryClient - Discovery Client initialized at timestamp 1740504760948 with initial instances count: 4
2025-02-25 12:32:40.953 [main] INFO  o.s.c.n.e.s.EurekaServiceRegistry - Registering application BT-MS-ACCOUNTS with eureka with status UP
2025-02-25 12:32:40.953 [main] INFO  c.netflix.discovery.DiscoveryClient - Saw local status change event StatusChangeEvent [timestamp=1740504760953, current=UP, previous=STARTING]
2025-02-25 12:32:40.955 [DiscoveryClient-InstanceInfoReplicator-%d] INFO  c.netflix.discovery.DiscoveryClient - DiscoveryClient_BT-MS-ACCOUNTS/NTTD-1MYJR54.mshome.net:bt-ms-accounts:8082: registering service...
2025-02-25 12:32:41.050 [DiscoveryClient-InstanceInfoReplicator-%d] INFO  c.netflix.discovery.DiscoveryClient - DiscoveryClient_BT-MS-ACCOUNTS/NTTD-1MYJR54.mshome.net:bt-ms-accounts:8082 - registration status: 204
2025-02-25 12:32:41.129 [main] INFO  c.b.b.MsAccountsApplicationTests - Started MsAccountsApplicationTests in 10.462 seconds (process running for 13.41)
2025-02-25 12:32:42.047 [SpringApplicationShutdownHook] INFO  o.s.c.n.e.s.EurekaServiceRegistry - Unregistering application BT-MS-ACCOUNTS with eureka with status DOWN
2025-02-25 12:32:42.047 [SpringApplicationShutdownHook] INFO  c.netflix.discovery.DiscoveryClient - Saw local status change event StatusChangeEvent [timestamp=1740504762047, current=DOWN, previous=UP]
2025-02-25 12:32:42.047 [DiscoveryClient-InstanceInfoReplicator-%d] INFO  c.netflix.discovery.DiscoveryClient - DiscoveryClient_BT-MS-ACCOUNTS/NTTD-1MYJR54.mshome.net:bt-ms-accounts:8082: registering service...
2025-02-25 12:32:42.056 [DiscoveryClient-InstanceInfoReplicator-%d] INFO  c.netflix.discovery.DiscoveryClient - DiscoveryClient_BT-MS-ACCOUNTS/NTTD-1MYJR54.mshome.net:bt-ms-accounts:8082 - registration status: 204
2025-02-25 12:32:46.532 [SpringApplicationShutdownHook] INFO  c.netflix.discovery.DiscoveryClient - Shutting down DiscoveryClient ...
2025-02-25 12:32:49.534 [SpringApplicationShutdownHook] INFO  c.netflix.discovery.DiscoveryClient - Unregistering ...
2025-02-25 12:32:49.557 [SpringApplicationShutdownHook] INFO  c.netflix.discovery.DiscoveryClient - DiscoveryClient_BT-MS-ACCOUNTS/NTTD-1MYJR54.mshome.net:bt-ms-accounts:8082 - deregister  status: 200
2025-02-25 12:32:49.557 [SpringApplicationShutdownHook] INFO  c.netflix.discovery.DiscoveryClient - Completed shut down of DiscoveryClient
2025-02-25 12:52:54.160 [main] INFO  o.s.t.c.s.AnnotationConfigContextLoaderUtils - Could not detect default configuration classes for test class [com.bootcamp.btmsaccounts.MsAccountsApplicationTests]: MsAccountsApplicationTests does not declare any static, non-private, non-final, nested classes annotated with @Configuration.
2025-02-25 12:52:54.451 [main] INFO  o.s.b.t.c.SpringBootTestContextBootstrapper - Found @SpringBootConfiguration com.bootcamp.btmsaccounts.MsAccountsApplication for test class com.bootcamp.btmsaccounts.MsAccountsApplicationTests
2025-02-25 12:52:55.868 [background-preinit] INFO  o.h.validator.internal.util.Version - HV000001: Hibernate Validator 8.0.2.Final
2025-02-25 12:52:56.924 [main] INFO  o.s.c.c.c.ConfigServicePropertySourceLocator - Fetching config from server at : http://localhost:9001
2025-02-25 12:52:57.987 [main] INFO  o.s.c.c.c.ConfigServicePropertySourceLocator - Located environment: name=bt-ms-accounts, profiles=[dev], label=null, version=c2c892c4a5466206eb8353f66864ddf3b15255e8, state=
2025-02-25 12:52:57.988 [main] INFO  o.s.c.b.c.PropertySourceBootstrapConfiguration - Located property source: [BootstrapPropertySource {name='bootstrapProperties-configClient'}, BootstrapPropertySource {name='bootstrapProperties-https://github.com/AldoSBou/BootcampConfigServerFiles/bt-ms-accounts-dev.yml'}]
2025-02-25 12:52:58.007 [main] INFO  c.b.b.MsAccountsApplicationTests - No active profile set, falling back to 1 default profile: "default"
2025-02-25 12:52:58.809 [main] INFO  o.s.d.r.c.RepositoryConfigurationDelegate - Bootstrapping Spring Data Reactive MongoDB repositories in DEFAULT mode.
2025-02-25 12:52:58.986 [main] INFO  o.s.d.r.c.RepositoryConfigurationDelegate - Finished Spring Data repository scanning in 165 ms. Found 1 Reactive MongoDB repository interface.
2025-02-25 12:52:59.324 [main] INFO  o.s.cloud.context.scope.GenericScope - BeanFactory id=78d1fa64-639a-3578-a749-29084d8a109e
2025-02-25 12:53:00.018 [main] INFO  org.mongodb.driver.client - MongoClient with metadata {"driver": {"name": "mongo-java-driver|reactive-streams|spring-boot", "version": "5.2.1"}, "os": {"type": "Windows", "name": "Windows 10", "architecture": "amd64", "version": "10.0"}, "platform": "Java/Oracle Corporation/17.0.12+8-LTS-286"} created with settings MongoClientSettings{readPreference=primary, writeConcern=WriteConcern{w=null, wTimeout=null ms, journal=null}, retryWrites=true, retryReads=true, readConcern=ReadConcern{level=null}, credential=null, transportSettings=NettyTransportSettings{eventLoopGroup=io.netty.channel.nio.NioEventLoopGroup@38138629, socketChannelClass=null, allocator=null, sslContext=null}, commandListeners=[], codecRegistry=ProvidersCodecRegistry{codecProviders=[ValueCodecProvider{}, BsonValueCodecProvider{}, DBRefCodecProvider{}, DBObjectCodecProvider{}, DocumentCodecProvider{}, CollectionCodecProvider{}, IterableCodecProvider{}, MapCodecProvider{}, GeoJsonCodecProvider{}, GridFSFileCodecProvider{}, Jsr310CodecProvider{}, JsonObjectCodecProvider{}, BsonCodecProvider{}, EnumCodecProvider{}, com.mongodb.client.model.mql.ExpressionCodecProvider@7a2c95e2, com.mongodb.Jep395RecordCodecProvider@3ad6ecc5, com.mongodb.KotlinCodecProvider@58f5db3b]}, loggerSettings=LoggerSettings{maxDocumentLength=1000}, clusterSettings={hosts=[localhost:27017], srvServiceName=mongodb, mode=SINGLE, requiredClusterType=UNKNOWN, requiredReplicaSetName='null', serverSelector='null', clusterListeners='[]', serverSelectionTimeout='30000 ms', localThreshold='15 ms'}, socketSettings=SocketSettings{connectTimeoutMS=10000, readTimeoutMS=0, receiveBufferSize=0, proxySettings=ProxySettings{host=null, port=null, username=null, password=null}}, heartbeatSocketSettings=SocketSettings{connectTimeoutMS=10000, readTimeoutMS=10000, receiveBufferSize=0, proxySettings=ProxySettings{host=null, port=null, username=null, password=null}}, connectionPoolSettings=ConnectionPoolSettings{maxSize=100, minSize=0, maxWaitTimeMS=120000, maxConnectionLifeTimeMS=0, maxConnectionIdleTimeMS=0, maintenanceInitialDelayMS=0, maintenanceFrequencyMS=60000, connectionPoolListeners=[], maxConnecting=2}, serverSettings=ServerSettings{heartbeatFrequencyMS=10000, minHeartbeatFrequencyMS=500, serverMonitoringMode=AUTO, serverListeners='[]', serverMonitorListeners='[]'}, sslSettings=SslSettings{enabled=false, invalidHostNameAllowed=false, context=null}, applicationName='null', compressorList=[], uuidRepresentation=JAVA_LEGACY, serverApi=null, autoEncryptionSettings=null, dnsClient=null, inetAddressResolver=null, contextProvider=null, timeoutMS=null}
2025-02-25 12:53:00.230 [cluster-ClusterId{value='67be037b9c186f6a4e6319df', description='null'}-localhost:27017] INFO  org.mongodb.driver.cluster - Monitor thread successfully connected to server with description ServerDescription{address=localhost:27017, type=STANDALONE, cryptd=false, state=CONNECTED, ok=true, minWireVersion=0, maxWireVersion=25, maxDocumentSize=16777216, logicalSessionTimeoutMinutes=30, roundTripTimeNanos=70381200, minRoundTripTimeNanos=0}
2025-02-25 12:53:02.280 [main] WARN  o.s.w.r.r.ResourceHandlerUtils - Appended trailing slash to static resource location: classpath:/META-INF/resources/webjars/swagger-ui/5.18.3/
2025-02-25 12:53:02.750 [main] INFO  o.s.c.n.e.c.DiscoveryClientOptionalArgsConfiguration - Eureka HTTP Client uses RestTemplate.
2025-02-25 12:53:02.803 [main] WARN  o.s.c.l.c.LoadBalancerCacheAutoConfiguration$LoadBalancerCaffeineWarnLogger - Spring Cloud LoadBalancer is currently working with the default cache. While this cache implementation is useful for development and tests, it's recommended to use Caffeine cache in production.You can switch to using Caffeine cache, by adding it and org.springframework.cache.caffeine.CaffeineCacheManager to the classpath.
2025-02-25 12:53:02.836 [main] INFO  o.s.c.n.eureka.InstanceInfoFactory - Setting initial instance status as: STARTING
2025-02-25 12:53:02.869 [main] INFO  c.netflix.discovery.DiscoveryClient - Initializing Eureka in region us-east-1
2025-02-25 12:53:02.876 [main] INFO  c.n.d.s.r.aws.ConfigClusterResolver - Resolving eureka endpoints via configuration
2025-02-25 12:53:02.889 [main] INFO  c.netflix.discovery.DiscoveryClient - Disable delta property : false
2025-02-25 12:53:02.889 [main] INFO  c.netflix.discovery.DiscoveryClient - Single vip registry refresh property : null
2025-02-25 12:53:02.889 [main] INFO  c.netflix.discovery.DiscoveryClient - Force full registry fetch : false
2025-02-25 12:53:02.889 [main] INFO  c.netflix.discovery.DiscoveryClient - Application is null : false
2025-02-25 12:53:02.889 [main] INFO  c.netflix.discovery.DiscoveryClient - Registered Applications size is zero : true
2025-02-25 12:53:02.889 [main] INFO  c.netflix.discovery.DiscoveryClient - Application version is -1: true
2025-02-25 12:53:02.889 [main] INFO  c.netflix.discovery.DiscoveryClient - Getting all instance registry info from the eureka server
2025-02-25 12:53:03.168 [main] INFO  c.netflix.discovery.DiscoveryClient - The response status is 200
2025-02-25 12:53:03.170 [main] INFO  c.netflix.discovery.DiscoveryClient - Starting heartbeat executor: renew interval is: 30
2025-02-25 12:53:03.173 [main] INFO  c.n.discovery.InstanceInfoReplicator - InstanceInfoReplicator onDemand update allowed rate per min is 4
2025-02-25 12:53:03.176 [main] INFO  c.netflix.discovery.DiscoveryClient - Discovery Client initialized at timestamp 1740505983174 with initial instances count: 4
2025-02-25 12:53:03.179 [main] INFO  o.s.c.n.e.s.EurekaServiceRegistry - Registering application BT-MS-ACCOUNTS with eureka with status UP
2025-02-25 12:53:03.180 [main] INFO  c.netflix.discovery.DiscoveryClient - Saw local status change event StatusChangeEvent [timestamp=1740505983180, current=UP, previous=STARTING]
2025-02-25 12:53:03.182 [DiscoveryClient-InstanceInfoReplicator-%d] INFO  c.netflix.discovery.DiscoveryClient - DiscoveryClient_BT-MS-ACCOUNTS/NTTD-1MYJR54.mshome.net:bt-ms-accounts:8082: registering service...
2025-02-25 12:53:03.224 [DiscoveryClient-InstanceInfoReplicator-%d] INFO  c.netflix.discovery.DiscoveryClient - DiscoveryClient_BT-MS-ACCOUNTS/NTTD-1MYJR54.mshome.net:bt-ms-accounts:8082 - registration status: 204
2025-02-25 12:53:03.322 [main] INFO  c.b.b.MsAccountsApplicationTests - Started MsAccountsApplicationTests in 8.248 seconds (process running for 11.07)
2025-02-25 12:53:04.216 [SpringApplicationShutdownHook] INFO  o.s.c.n.e.s.EurekaServiceRegistry - Unregistering application BT-MS-ACCOUNTS with eureka with status DOWN
2025-02-25 12:53:04.216 [SpringApplicationShutdownHook] INFO  c.netflix.discovery.DiscoveryClient - Saw local status change event StatusChangeEvent [timestamp=1740505984216, current=DOWN, previous=UP]
2025-02-25 12:53:04.217 [DiscoveryClient-InstanceInfoReplicator-%d] INFO  c.netflix.discovery.DiscoveryClient - DiscoveryClient_BT-MS-ACCOUNTS/NTTD-1MYJR54.mshome.net:bt-ms-accounts:8082: registering service...
2025-02-25 12:53:04.230 [DiscoveryClient-InstanceInfoReplicator-%d] INFO  c.netflix.discovery.DiscoveryClient - DiscoveryClient_BT-MS-ACCOUNTS/NTTD-1MYJR54.mshome.net:bt-ms-accounts:8082 - registration status: 204
2025-02-25 12:53:08.705 [SpringApplicationShutdownHook] INFO  c.netflix.discovery.DiscoveryClient - Shutting down DiscoveryClient ...
2025-02-25 12:53:11.717 [SpringApplicationShutdownHook] INFO  c.netflix.discovery.DiscoveryClient - Unregistering ...
2025-02-25 12:53:11.735 [SpringApplicationShutdownHook] INFO  c.netflix.discovery.DiscoveryClient - DiscoveryClient_BT-MS-ACCOUNTS/NTTD-1MYJR54.mshome.net:bt-ms-accounts:8082 - deregister  status: 200
2025-02-25 12:53:11.735 [SpringApplicationShutdownHook] INFO  c.netflix.discovery.DiscoveryClient - Completed shut down of DiscoveryClient
2025-02-25 12:54:40.457 [main] INFO  o.s.t.c.s.AnnotationConfigContextLoaderUtils - Could not detect default configuration classes for test class [com.bootcamp.btmsaccounts.MsAccountsApplicationTests]: MsAccountsApplicationTests does not declare any static, non-private, non-final, nested classes annotated with @Configuration.
2025-02-25 12:54:40.707 [main] INFO  o.s.b.t.c.SpringBootTestContextBootstrapper - Found @SpringBootConfiguration com.bootcamp.btmsaccounts.MsAccountsApplication for test class com.bootcamp.btmsaccounts.MsAccountsApplicationTests
2025-02-25 12:54:42.034 [background-preinit] INFO  o.h.validator.internal.util.Version - HV000001: Hibernate Validator 8.0.2.Final
2025-02-25 12:54:43.042 [main] INFO  o.s.c.c.c.ConfigServicePropertySourceLocator - Fetching config from server at : http://localhost:9001
2025-02-25 12:54:44.959 [main] INFO  o.s.c.c.c.ConfigServicePropertySourceLocator - Located environment: name=bt-ms-accounts, profiles=[dev], label=null, version=c2c892c4a5466206eb8353f66864ddf3b15255e8, state=
2025-02-25 12:54:44.961 [main] INFO  o.s.c.b.c.PropertySourceBootstrapConfiguration - Located property source: [BootstrapPropertySource {name='bootstrapProperties-configClient'}, BootstrapPropertySource {name='bootstrapProperties-https://github.com/AldoSBou/BootcampConfigServerFiles/bt-ms-accounts-dev.yml'}]
2025-02-25 12:54:44.977 [main] INFO  c.b.b.MsAccountsApplicationTests - No active profile set, falling back to 1 default profile: "default"
2025-02-25 12:54:46.181 [main] INFO  o.s.d.r.c.RepositoryConfigurationDelegate - Bootstrapping Spring Data Reactive MongoDB repositories in DEFAULT mode.
2025-02-25 12:54:46.563 [main] INFO  o.s.d.r.c.RepositoryConfigurationDelegate - Finished Spring Data repository scanning in 354 ms. Found 1 Reactive MongoDB repository interface.
2025-02-25 12:54:47.025 [main] INFO  o.s.cloud.context.scope.GenericScope - BeanFactory id=78d1fa64-639a-3578-a749-29084d8a109e
2025-02-25 12:54:47.669 [main] INFO  org.mongodb.driver.client - MongoClient with metadata {"driver": {"name": "mongo-java-driver|reactive-streams|spring-boot", "version": "5.2.1"}, "os": {"type": "Windows", "name": "Windows 10", "architecture": "amd64", "version": "10.0"}, "platform": "Java/Oracle Corporation/17.0.12+8-LTS-286"} created with settings MongoClientSettings{readPreference=primary, writeConcern=WriteConcern{w=null, wTimeout=null ms, journal=null}, retryWrites=true, retryReads=true, readConcern=ReadConcern{level=null}, credential=null, transportSettings=NettyTransportSettings{eventLoopGroup=io.netty.channel.nio.NioEventLoopGroup@38138629, socketChannelClass=null, allocator=null, sslContext=null}, commandListeners=[], codecRegistry=ProvidersCodecRegistry{codecProviders=[ValueCodecProvider{}, BsonValueCodecProvider{}, DBRefCodecProvider{}, DBObjectCodecProvider{}, DocumentCodecProvider{}, CollectionCodecProvider{}, IterableCodecProvider{}, MapCodecProvider{}, GeoJsonCodecProvider{}, GridFSFileCodecProvider{}, Jsr310CodecProvider{}, JsonObjectCodecProvider{}, BsonCodecProvider{}, EnumCodecProvider{}, com.mongodb.client.model.mql.ExpressionCodecProvider@7a2c95e2, com.mongodb.Jep395RecordCodecProvider@3ad6ecc5, com.mongodb.KotlinCodecProvider@58f5db3b]}, loggerSettings=LoggerSettings{maxDocumentLength=1000}, clusterSettings={hosts=[localhost:27017], srvServiceName=mongodb, mode=SINGLE, requiredClusterType=UNKNOWN, requiredReplicaSetName='null', serverSelector='null', clusterListeners='[]', serverSelectionTimeout='30000 ms', localThreshold='15 ms'}, socketSettings=SocketSettings{connectTimeoutMS=10000, readTimeoutMS=0, receiveBufferSize=0, proxySettings=ProxySettings{host=null, port=null, username=null, password=null}}, heartbeatSocketSettings=SocketSettings{connectTimeoutMS=10000, readTimeoutMS=10000, receiveBufferSize=0, proxySettings=ProxySettings{host=null, port=null, username=null, password=null}}, connectionPoolSettings=ConnectionPoolSettings{maxSize=100, minSize=0, maxWaitTimeMS=120000, maxConnectionLifeTimeMS=0, maxConnectionIdleTimeMS=0, maintenanceInitialDelayMS=0, maintenanceFrequencyMS=60000, connectionPoolListeners=[], maxConnecting=2}, serverSettings=ServerSettings{heartbeatFrequencyMS=10000, minHeartbeatFrequencyMS=500, serverMonitoringMode=AUTO, serverListeners='[]', serverMonitorListeners='[]'}, sslSettings=SslSettings{enabled=false, invalidHostNameAllowed=false, context=null}, applicationName='null', compressorList=[], uuidRepresentation=JAVA_LEGACY, serverApi=null, autoEncryptionSettings=null, dnsClient=null, inetAddressResolver=null, contextProvider=null, timeoutMS=null}
2025-02-25 12:54:47.894 [cluster-ClusterId{value='67be03e77034805ff1676015', description='null'}-localhost:27017] INFO  org.mongodb.driver.cluster - Monitor thread successfully connected to server with description ServerDescription{address=localhost:27017, type=STANDALONE, cryptd=false, state=CONNECTED, ok=true, minWireVersion=0, maxWireVersion=25, maxDocumentSize=16777216, logicalSessionTimeoutMinutes=30, roundTripTimeNanos=76203900, minRoundTripTimeNanos=0}
2025-02-25 12:54:49.997 [main] WARN  o.s.w.r.r.ResourceHandlerUtils - Appended trailing slash to static resource location: classpath:/META-INF/resources/webjars/swagger-ui/5.18.3/
2025-02-25 12:54:50.611 [main] INFO  o.s.c.n.e.c.DiscoveryClientOptionalArgsConfiguration - Eureka HTTP Client uses RestTemplate.
2025-02-25 12:54:50.653 [main] WARN  o.s.c.l.c.LoadBalancerCacheAutoConfiguration$LoadBalancerCaffeineWarnLogger - Spring Cloud LoadBalancer is currently working with the default cache. While this cache implementation is useful for development and tests, it's recommended to use Caffeine cache in production.You can switch to using Caffeine cache, by adding it and org.springframework.cache.caffeine.CaffeineCacheManager to the classpath.
2025-02-25 12:54:50.698 [main] INFO  o.s.c.n.eureka.InstanceInfoFactory - Setting initial instance status as: STARTING
2025-02-25 12:54:50.737 [main] INFO  c.netflix.discovery.DiscoveryClient - Initializing Eureka in region us-east-1
2025-02-25 12:54:50.741 [main] INFO  c.n.d.s.r.aws.ConfigClusterResolver - Resolving eureka endpoints via configuration
2025-02-25 12:54:50.752 [main] INFO  c.netflix.discovery.DiscoveryClient - Disable delta property : false
2025-02-25 12:54:50.752 [main] INFO  c.netflix.discovery.DiscoveryClient - Single vip registry refresh property : null
2025-02-25 12:54:50.752 [main] INFO  c.netflix.discovery.DiscoveryClient - Force full registry fetch : false
2025-02-25 12:54:50.752 [main] INFO  c.netflix.discovery.DiscoveryClient - Application is null : false
2025-02-25 12:54:50.752 [main] INFO  c.netflix.discovery.DiscoveryClient - Registered Applications size is zero : true
2025-02-25 12:54:50.752 [main] INFO  c.netflix.discovery.DiscoveryClient - Application version is -1: true
2025-02-25 12:54:50.752 [main] INFO  c.netflix.discovery.DiscoveryClient - Getting all instance registry info from the eureka server
2025-02-25 12:54:51.011 [main] INFO  c.netflix.discovery.DiscoveryClient - The response status is 200
2025-02-25 12:54:51.015 [main] INFO  c.netflix.discovery.DiscoveryClient - Starting heartbeat executor: renew interval is: 30
2025-02-25 12:54:51.018 [main] INFO  c.n.discovery.InstanceInfoReplicator - InstanceInfoReplicator onDemand update allowed rate per min is 4
2025-02-25 12:54:51.020 [main] INFO  c.netflix.discovery.DiscoveryClient - Discovery Client initialized at timestamp 1740506091019 with initial instances count: 4
2025-02-25 12:54:51.025 [main] INFO  o.s.c.n.e.s.EurekaServiceRegistry - Registering application BT-MS-ACCOUNTS with eureka with status UP
2025-02-25 12:54:51.026 [main] INFO  c.netflix.discovery.DiscoveryClient - Saw local status change event StatusChangeEvent [timestamp=1740506091026, current=UP, previous=STARTING]
2025-02-25 12:54:51.030 [DiscoveryClient-InstanceInfoReplicator-%d] INFO  c.netflix.discovery.DiscoveryClient - DiscoveryClient_BT-MS-ACCOUNTS/NTTD-1MYJR54.mshome.net:bt-ms-accounts:8082: registering service...
2025-02-25 12:54:51.078 [DiscoveryClient-InstanceInfoReplicator-%d] INFO  c.netflix.discovery.DiscoveryClient - DiscoveryClient_BT-MS-ACCOUNTS/NTTD-1MYJR54.mshome.net:bt-ms-accounts:8082 - registration status: 204
2025-02-25 12:54:51.178 [main] INFO  c.b.b.MsAccountsApplicationTests - Started MsAccountsApplicationTests in 9.98 seconds (process running for 12.5)
2025-02-25 12:54:51.979 [SpringApplicationShutdownHook] INFO  o.s.c.n.e.s.EurekaServiceRegistry - Unregistering application BT-MS-ACCOUNTS with eureka with status DOWN
2025-02-25 12:54:51.980 [SpringApplicationShutdownHook] INFO  c.netflix.discovery.DiscoveryClient - Saw local status change event StatusChangeEvent [timestamp=1740506091980, current=DOWN, previous=UP]
2025-02-25 12:54:51.980 [DiscoveryClient-InstanceInfoReplicator-%d] INFO  c.netflix.discovery.DiscoveryClient - DiscoveryClient_BT-MS-ACCOUNTS/NTTD-1MYJR54.mshome.net:bt-ms-accounts:8082: registering service...
2025-02-25 12:54:51.987 [DiscoveryClient-InstanceInfoReplicator-%d] INFO  c.netflix.discovery.DiscoveryClient - DiscoveryClient_BT-MS-ACCOUNTS/NTTD-1MYJR54.mshome.net:bt-ms-accounts:8082 - registration status: 204
2025-02-25 12:54:56.451 [SpringApplicationShutdownHook] INFO  c.netflix.discovery.DiscoveryClient - Shutting down DiscoveryClient ...
2025-02-25 12:54:59.465 [SpringApplicationShutdownHook] INFO  c.netflix.discovery.DiscoveryClient - Unregistering ...
2025-02-25 12:54:59.486 [SpringApplicationShutdownHook] INFO  c.netflix.discovery.DiscoveryClient - DiscoveryClient_BT-MS-ACCOUNTS/NTTD-1MYJR54.mshome.net:bt-ms-accounts:8082 - deregister  status: 200
2025-02-25 12:54:59.486 [SpringApplicationShutdownHook] INFO  c.netflix.discovery.DiscoveryClient - Completed shut down of DiscoveryClient
2025-02-25 18:11:41.561 [main] INFO  o.s.t.c.s.AnnotationConfigContextLoaderUtils - Could not detect default configuration classes for test class [com.bootcamp.btmsaccounts.MsAccountsApplicationTests]: MsAccountsApplicationTests does not declare any static, non-private, non-final, nested classes annotated with @Configuration.
2025-02-25 18:11:41.832 [main] INFO  o.s.b.t.c.SpringBootTestContextBootstrapper - Found @SpringBootConfiguration com.bootcamp.btmsaccounts.MsAccountsApplication for test class com.bootcamp.btmsaccounts.MsAccountsApplicationTests
2025-02-25 18:11:43.102 [background-preinit] INFO  o.h.validator.internal.util.Version - HV000001: Hibernate Validator 8.0.2.Final
2025-02-25 18:11:44.178 [main] INFO  o.s.c.c.c.ConfigServicePropertySourceLocator - Fetching config from server at : http://localhost:9001
2025-02-25 18:11:46.115 [main] INFO  o.s.c.c.c.ConfigServicePropertySourceLocator - Located environment: name=bt-ms-accounts, profiles=[dev], label=null, version=c2c892c4a5466206eb8353f66864ddf3b15255e8, state=
2025-02-25 18:11:46.116 [main] INFO  o.s.c.b.c.PropertySourceBootstrapConfiguration - Located property source: [BootstrapPropertySource {name='bootstrapProperties-configClient'}, BootstrapPropertySource {name='bootstrapProperties-https://github.com/AldoSBou/BootcampConfigServerFiles/bt-ms-accounts-dev.yml'}]
2025-02-25 18:11:46.130 [main] INFO  c.b.b.MsAccountsApplicationTests - No active profile set, falling back to 1 default profile: "default"
2025-02-25 18:11:46.835 [main] INFO  o.s.d.r.c.RepositoryConfigurationDelegate - Bootstrapping Spring Data Reactive MongoDB repositories in DEFAULT mode.
2025-02-25 18:11:47.012 [main] INFO  o.s.d.r.c.RepositoryConfigurationDelegate - Finished Spring Data repository scanning in 167 ms. Found 4 Reactive MongoDB repository interfaces.
2025-02-25 18:11:47.353 [main] INFO  o.s.cloud.context.scope.GenericScope - BeanFactory id=e28f6a74-c6bb-3564-af92-7d1df323886a
2025-02-25 18:11:48.069 [main] INFO  org.mongodb.driver.client - MongoClient with metadata {"driver": {"name": "mongo-java-driver|reactive-streams|spring-boot", "version": "5.2.1"}, "os": {"type": "Windows", "name": "Windows 10", "architecture": "amd64", "version": "10.0"}, "platform": "Java/Oracle Corporation/17.0.12+8-LTS-286"} created with settings MongoClientSettings{readPreference=primary, writeConcern=WriteConcern{w=null, wTimeout=null ms, journal=null}, retryWrites=true, retryReads=true, readConcern=ReadConcern{level=null}, credential=null, transportSettings=NettyTransportSettings{eventLoopGroup=io.netty.channel.nio.NioEventLoopGroup@13acb4, socketChannelClass=null, allocator=null, sslContext=null}, commandListeners=[], codecRegistry=ProvidersCodecRegistry{codecProviders=[ValueCodecProvider{}, BsonValueCodecProvider{}, DBRefCodecProvider{}, DBObjectCodecProvider{}, DocumentCodecProvider{}, CollectionCodecProvider{}, IterableCodecProvider{}, MapCodecProvider{}, GeoJsonCodecProvider{}, GridFSFileCodecProvider{}, Jsr310CodecProvider{}, JsonObjectCodecProvider{}, BsonCodecProvider{}, EnumCodecProvider{}, com.mongodb.client.model.mql.ExpressionCodecProvider@69f90fc4, com.mongodb.Jep395RecordCodecProvider@16d52e51, com.mongodb.KotlinCodecProvider@328f46f9]}, loggerSettings=LoggerSettings{maxDocumentLength=1000}, clusterSettings={hosts=[localhost:27017], srvServiceName=mongodb, mode=SINGLE, requiredClusterType=UNKNOWN, requiredReplicaSetName='null', serverSelector='null', clusterListeners='[]', serverSelectionTimeout='30000 ms', localThreshold='15 ms'}, socketSettings=SocketSettings{connectTimeoutMS=10000, readTimeoutMS=0, receiveBufferSize=0, proxySettings=ProxySettings{host=null, port=null, username=null, password=null}}, heartbeatSocketSettings=SocketSettings{connectTimeoutMS=10000, readTimeoutMS=10000, receiveBufferSize=0, proxySettings=ProxySettings{host=null, port=null, username=null, password=null}}, connectionPoolSettings=ConnectionPoolSettings{maxSize=100, minSize=0, maxWaitTimeMS=120000, maxConnectionLifeTimeMS=0, maxConnectionIdleTimeMS=0, maintenanceInitialDelayMS=0, maintenanceFrequencyMS=60000, connectionPoolListeners=[], maxConnecting=2}, serverSettings=ServerSettings{heartbeatFrequencyMS=10000, minHeartbeatFrequencyMS=500, serverMonitoringMode=AUTO, serverListeners='[]', serverMonitorListeners='[]'}, sslSettings=SslSettings{enabled=false, invalidHostNameAllowed=false, context=null}, applicationName='null', compressorList=[], uuidRepresentation=JAVA_LEGACY, serverApi=null, autoEncryptionSettings=null, dnsClient=null, inetAddressResolver=null, contextProvider=null, timeoutMS=null}
2025-02-25 18:11:48.354 [cluster-ClusterId{value='67be4e33cbfe6c1d4baf1418', description='null'}-localhost:27017] INFO  org.mongodb.driver.cluster - Monitor thread successfully connected to server with description ServerDescription{address=localhost:27017, type=STANDALONE, cryptd=false, state=CONNECTED, ok=true, minWireVersion=0, maxWireVersion=25, maxDocumentSize=16777216, logicalSessionTimeoutMinutes=30, roundTripTimeNanos=124595500, minRoundTripTimeNanos=0}
2025-02-25 18:11:50.645 [main] WARN  o.s.w.r.r.ResourceHandlerUtils - Appended trailing slash to static resource location: classpath:/META-INF/resources/webjars/swagger-ui/5.18.3/
2025-02-25 18:11:51.149 [main] INFO  o.s.c.n.e.c.DiscoveryClientOptionalArgsConfiguration - Eureka HTTP Client uses RestTemplate.
2025-02-25 18:11:51.190 [main] WARN  o.s.c.l.c.LoadBalancerCacheAutoConfiguration$LoadBalancerCaffeineWarnLogger - Spring Cloud LoadBalancer is currently working with the default cache. While this cache implementation is useful for development and tests, it's recommended to use Caffeine cache in production.You can switch to using Caffeine cache, by adding it and org.springframework.cache.caffeine.CaffeineCacheManager to the classpath.
2025-02-25 18:11:51.226 [main] INFO  o.s.c.n.eureka.InstanceInfoFactory - Setting initial instance status as: STARTING
2025-02-25 18:11:51.255 [main] INFO  c.netflix.discovery.DiscoveryClient - Initializing Eureka in region us-east-1
2025-02-25 18:11:51.258 [main] INFO  c.n.d.s.r.aws.ConfigClusterResolver - Resolving eureka endpoints via configuration
2025-02-25 18:11:51.268 [main] INFO  c.netflix.discovery.DiscoveryClient - Disable delta property : false
2025-02-25 18:11:51.268 [main] INFO  c.netflix.discovery.DiscoveryClient - Single vip registry refresh property : null
2025-02-25 18:11:51.268 [main] INFO  c.netflix.discovery.DiscoveryClient - Force full registry fetch : false
2025-02-25 18:11:51.268 [main] INFO  c.netflix.discovery.DiscoveryClient - Application is null : false
2025-02-25 18:11:51.268 [main] INFO  c.netflix.discovery.DiscoveryClient - Registered Applications size is zero : true
2025-02-25 18:11:51.268 [main] INFO  c.netflix.discovery.DiscoveryClient - Application version is -1: true
2025-02-25 18:11:51.268 [main] INFO  c.netflix.discovery.DiscoveryClient - Getting all instance registry info from the eureka server
2025-02-25 18:11:51.512 [main] INFO  c.netflix.discovery.DiscoveryClient - The response status is 200
2025-02-25 18:11:51.514 [main] INFO  c.netflix.discovery.DiscoveryClient - Starting heartbeat executor: renew interval is: 30
2025-02-25 18:11:51.516 [main] INFO  c.n.discovery.InstanceInfoReplicator - InstanceInfoReplicator onDemand update allowed rate per min is 4
2025-02-25 18:11:51.519 [main] INFO  c.netflix.discovery.DiscoveryClient - Discovery Client initialized at timestamp 1740525111517 with initial instances count: 4
2025-02-25 18:11:51.522 [main] INFO  o.s.c.n.e.s.EurekaServiceRegistry - Registering application BT-MS-ACCOUNTS with eureka with status UP
2025-02-25 18:11:51.522 [main] INFO  c.netflix.discovery.DiscoveryClient - Saw local status change event StatusChangeEvent [timestamp=1740525111522, current=UP, previous=STARTING]
2025-02-25 18:11:51.525 [DiscoveryClient-InstanceInfoReplicator-%d] INFO  c.netflix.discovery.DiscoveryClient - DiscoveryClient_BT-MS-ACCOUNTS/NTTD-1MYJR54.mshome.net:bt-ms-accounts:8082: registering service...
2025-02-25 18:11:51.568 [DiscoveryClient-InstanceInfoReplicator-%d] INFO  c.netflix.discovery.DiscoveryClient - DiscoveryClient_BT-MS-ACCOUNTS/NTTD-1MYJR54.mshome.net:bt-ms-accounts:8082 - registration status: 204
2025-02-25 18:11:51.663 [main] INFO  c.b.b.MsAccountsApplicationTests - Started MsAccountsApplicationTests in 9.301 seconds (process running for 11.962)
2025-02-25 18:11:52.522 [SpringApplicationShutdownHook] INFO  o.s.c.n.e.s.EurekaServiceRegistry - Unregistering application BT-MS-ACCOUNTS with eureka with status DOWN
2025-02-25 18:11:52.523 [SpringApplicationShutdownHook] INFO  c.netflix.discovery.DiscoveryClient - Saw local status change event StatusChangeEvent [timestamp=1740525112523, current=DOWN, previous=UP]
2025-02-25 18:11:52.523 [DiscoveryClient-InstanceInfoReplicator-%d] INFO  c.netflix.discovery.DiscoveryClient - DiscoveryClient_BT-MS-ACCOUNTS/NTTD-1MYJR54.mshome.net:bt-ms-accounts:8082: registering service...
2025-02-25 18:11:52.534 [DiscoveryClient-InstanceInfoReplicator-%d] INFO  c.netflix.discovery.DiscoveryClient - DiscoveryClient_BT-MS-ACCOUNTS/NTTD-1MYJR54.mshome.net:bt-ms-accounts:8082 - registration status: 204
2025-02-25 18:11:57.009 [SpringApplicationShutdownHook] INFO  c.netflix.discovery.DiscoveryClient - Shutting down DiscoveryClient ...
2025-02-25 18:12:00.011 [SpringApplicationShutdownHook] INFO  c.netflix.discovery.DiscoveryClient - Unregistering ...
2025-02-25 18:12:00.031 [SpringApplicationShutdownHook] INFO  c.netflix.discovery.DiscoveryClient - DiscoveryClient_BT-MS-ACCOUNTS/NTTD-1MYJR54.mshome.net:bt-ms-accounts:8082 - deregister  status: 200
2025-02-25 18:12:00.032 [SpringApplicationShutdownHook] INFO  c.netflix.discovery.DiscoveryClient - Completed shut down of DiscoveryClient
2025-02-25 18:13:17.190 [main] INFO  o.s.t.c.s.AnnotationConfigContextLoaderUtils - Could not detect default configuration classes for test class [com.bootcamp.btmsaccounts.MsAccountsApplicationTests]: MsAccountsApplicationTests does not declare any static, non-private, non-final, nested classes annotated with @Configuration.
2025-02-25 18:13:17.455 [main] INFO  o.s.b.t.c.SpringBootTestContextBootstrapper - Found @SpringBootConfiguration com.bootcamp.btmsaccounts.MsAccountsApplication for test class com.bootcamp.btmsaccounts.MsAccountsApplicationTests
2025-02-25 18:13:18.743 [background-preinit] INFO  o.h.validator.internal.util.Version - HV000001: Hibernate Validator 8.0.2.Final
2025-02-25 18:13:19.889 [main] INFO  o.s.c.c.c.ConfigServicePropertySourceLocator - Fetching config from server at : http://localhost:9001
2025-02-25 18:13:21.835 [main] INFO  o.s.c.c.c.ConfigServicePropertySourceLocator - Located environment: name=bt-ms-accounts, profiles=[dev], label=null, version=c2c892c4a5466206eb8353f66864ddf3b15255e8, state=
2025-02-25 18:13:21.839 [main] INFO  o.s.c.b.c.PropertySourceBootstrapConfiguration - Located property source: [BootstrapPropertySource {name='bootstrapProperties-configClient'}, BootstrapPropertySource {name='bootstrapProperties-https://github.com/AldoSBou/BootcampConfigServerFiles/bt-ms-accounts-dev.yml'}]
2025-02-25 18:13:21.869 [main] INFO  c.b.b.MsAccountsApplicationTests - No active profile set, falling back to 1 default profile: "default"
2025-02-25 18:13:22.707 [main] INFO  o.s.d.r.c.RepositoryConfigurationDelegate - Bootstrapping Spring Data Reactive MongoDB repositories in DEFAULT mode.
2025-02-25 18:13:22.873 [main] INFO  o.s.d.r.c.RepositoryConfigurationDelegate - Finished Spring Data repository scanning in 153 ms. Found 4 Reactive MongoDB repository interfaces.
2025-02-25 18:13:23.163 [main] INFO  o.s.cloud.context.scope.GenericScope - BeanFactory id=e28f6a74-c6bb-3564-af92-7d1df323886a
2025-02-25 18:13:23.786 [main] INFO  org.mongodb.driver.client - MongoClient with metadata {"driver": {"name": "mongo-java-driver|reactive-streams|spring-boot", "version": "5.2.1"}, "os": {"type": "Windows", "name": "Windows 10", "architecture": "amd64", "version": "10.0"}, "platform": "Java/Oracle Corporation/17.0.12+8-LTS-286"} created with settings MongoClientSettings{readPreference=primary, writeConcern=WriteConcern{w=null, wTimeout=null ms, journal=null}, retryWrites=true, retryReads=true, readConcern=ReadConcern{level=null}, credential=null, transportSettings=NettyTransportSettings{eventLoopGroup=io.netty.channel.nio.NioEventLoopGroup@328f46f9, socketChannelClass=null, allocator=null, sslContext=null}, commandListeners=[], codecRegistry=ProvidersCodecRegistry{codecProviders=[ValueCodecProvider{}, BsonValueCodecProvider{}, DBRefCodecProvider{}, DBObjectCodecProvider{}, DocumentCodecProvider{}, CollectionCodecProvider{}, IterableCodecProvider{}, MapCodecProvider{}, GeoJsonCodecProvider{}, GridFSFileCodecProvider{}, Jsr310CodecProvider{}, JsonObjectCodecProvider{}, BsonCodecProvider{}, EnumCodecProvider{}, com.mongodb.client.model.mql.ExpressionCodecProvider@2f643a10, com.mongodb.Jep395RecordCodecProvider@ec28717, com.mongodb.KotlinCodecProvider@315a9738]}, loggerSettings=LoggerSettings{maxDocumentLength=1000}, clusterSettings={hosts=[localhost:27017], srvServiceName=mongodb, mode=SINGLE, requiredClusterType=UNKNOWN, requiredReplicaSetName='null', serverSelector='null', clusterListeners='[]', serverSelectionTimeout='30000 ms', localThreshold='15 ms'}, socketSettings=SocketSettings{connectTimeoutMS=10000, readTimeoutMS=0, receiveBufferSize=0, proxySettings=ProxySettings{host=null, port=null, username=null, password=null}}, heartbeatSocketSettings=SocketSettings{connectTimeoutMS=10000, readTimeoutMS=10000, receiveBufferSize=0, proxySettings=ProxySettings{host=null, port=null, username=null, password=null}}, connectionPoolSettings=ConnectionPoolSettings{maxSize=100, minSize=0, maxWaitTimeMS=120000, maxConnectionLifeTimeMS=0, maxConnectionIdleTimeMS=0, maintenanceInitialDelayMS=0, maintenanceFrequencyMS=60000, connectionPoolListeners=[], maxConnecting=2}, serverSettings=ServerSettings{heartbeatFrequencyMS=10000, minHeartbeatFrequencyMS=500, serverMonitoringMode=AUTO, serverListeners='[]', serverMonitorListeners='[]'}, sslSettings=SslSettings{enabled=false, invalidHostNameAllowed=false, context=null}, applicationName='null', compressorList=[], uuidRepresentation=JAVA_LEGACY, serverApi=null, autoEncryptionSettings=null, dnsClient=null, inetAddressResolver=null, contextProvider=null, timeoutMS=null}
2025-02-25 18:13:24.028 [cluster-ClusterId{value='67be4e93b5ea1c5e6dc34e71', description='null'}-localhost:27017] INFO  org.mongodb.driver.cluster - Monitor thread successfully connected to server with description ServerDescription{address=localhost:27017, type=STANDALONE, cryptd=false, state=CONNECTED, ok=true, minWireVersion=0, maxWireVersion=25, maxDocumentSize=16777216, logicalSessionTimeoutMinutes=30, roundTripTimeNanos=98637100, minRoundTripTimeNanos=0}
2025-02-25 18:13:25.899 [main] WARN  o.s.w.r.r.ResourceHandlerUtils - Appended trailing slash to static resource location: classpath:/META-INF/resources/webjars/swagger-ui/5.18.3/
2025-02-25 18:13:26.430 [main] INFO  o.s.c.n.e.c.DiscoveryClientOptionalArgsConfiguration - Eureka HTTP Client uses RestTemplate.
2025-02-25 18:13:26.468 [main] WARN  o.s.c.l.c.LoadBalancerCacheAutoConfiguration$LoadBalancerCaffeineWarnLogger - Spring Cloud LoadBalancer is currently working with the default cache. While this cache implementation is useful for development and tests, it's recommended to use Caffeine cache in production.You can switch to using Caffeine cache, by adding it and org.springframework.cache.caffeine.CaffeineCacheManager to the classpath.
2025-02-25 18:13:26.509 [main] INFO  o.s.c.n.eureka.InstanceInfoFactory - Setting initial instance status as: STARTING
2025-02-25 18:13:26.537 [main] INFO  c.netflix.discovery.DiscoveryClient - Initializing Eureka in region us-east-1
2025-02-25 18:13:26.541 [main] INFO  c.n.d.s.r.aws.ConfigClusterResolver - Resolving eureka endpoints via configuration
2025-02-25 18:13:26.550 [main] INFO  c.netflix.discovery.DiscoveryClient - Disable delta property : false
2025-02-25 18:13:26.550 [main] INFO  c.netflix.discovery.DiscoveryClient - Single vip registry refresh property : null
2025-02-25 18:13:26.550 [main] INFO  c.netflix.discovery.DiscoveryClient - Force full registry fetch : false
2025-02-25 18:13:26.550 [main] INFO  c.netflix.discovery.DiscoveryClient - Application is null : false
2025-02-25 18:13:26.550 [main] INFO  c.netflix.discovery.DiscoveryClient - Registered Applications size is zero : true
2025-02-25 18:13:26.550 [main] INFO  c.netflix.discovery.DiscoveryClient - Application version is -1: true
2025-02-25 18:13:26.550 [main] INFO  c.netflix.discovery.DiscoveryClient - Getting all instance registry info from the eureka server
2025-02-25 18:13:26.803 [main] INFO  c.netflix.discovery.DiscoveryClient - The response status is 200
2025-02-25 18:13:26.806 [main] INFO  c.netflix.discovery.DiscoveryClient - Starting heartbeat executor: renew interval is: 30
2025-02-25 18:13:26.808 [main] INFO  c.n.discovery.InstanceInfoReplicator - InstanceInfoReplicator onDemand update allowed rate per min is 4
2025-02-25 18:13:26.810 [main] INFO  c.netflix.discovery.DiscoveryClient - Discovery Client initialized at timestamp 1740525206810 with initial instances count: 5
2025-02-25 18:13:26.813 [main] INFO  o.s.c.n.e.s.EurekaServiceRegistry - Registering application BT-MS-ACCOUNTS with eureka with status UP
2025-02-25 18:13:26.813 [main] INFO  c.netflix.discovery.DiscoveryClient - Saw local status change event StatusChangeEvent [timestamp=1740525206813, current=UP, previous=STARTING]
2025-02-25 18:13:26.814 [DiscoveryClient-InstanceInfoReplicator-%d] INFO  c.netflix.discovery.DiscoveryClient - DiscoveryClient_BT-MS-ACCOUNTS/NTTD-1MYJR54.mshome.net:bt-ms-accounts:8082: registering service...
2025-02-25 18:13:26.855 [DiscoveryClient-InstanceInfoReplicator-%d] INFO  c.netflix.discovery.DiscoveryClient - DiscoveryClient_BT-MS-ACCOUNTS/NTTD-1MYJR54.mshome.net:bt-ms-accounts:8082 - registration status: 204
2025-02-25 18:13:26.940 [main] INFO  c.b.b.MsAccountsApplicationTests - Started MsAccountsApplicationTests in 9.052 seconds (process running for 11.559)
2025-02-25 18:13:27.800 [SpringApplicationShutdownHook] INFO  o.s.c.n.e.s.EurekaServiceRegistry - Unregistering application BT-MS-ACCOUNTS with eureka with status DOWN
2025-02-25 18:13:27.801 [SpringApplicationShutdownHook] INFO  c.netflix.discovery.DiscoveryClient - Saw local status change event StatusChangeEvent [timestamp=1740525207801, current=DOWN, previous=UP]
2025-02-25 18:13:27.801 [DiscoveryClient-InstanceInfoReplicator-%d] INFO  c.netflix.discovery.DiscoveryClient - DiscoveryClient_BT-MS-ACCOUNTS/NTTD-1MYJR54.mshome.net:bt-ms-accounts:8082: registering service...
2025-02-25 18:13:27.808 [DiscoveryClient-InstanceInfoReplicator-%d] INFO  c.netflix.discovery.DiscoveryClient - DiscoveryClient_BT-MS-ACCOUNTS/NTTD-1MYJR54.mshome.net:bt-ms-accounts:8082 - registration status: 204
2025-02-25 18:13:32.294 [SpringApplicationShutdownHook] INFO  c.netflix.discovery.DiscoveryClient - Shutting down DiscoveryClient ...
2025-02-25 18:13:35.299 [SpringApplicationShutdownHook] INFO  c.netflix.discovery.DiscoveryClient - Unregistering ...
2025-02-25 18:13:35.318 [SpringApplicationShutdownHook] INFO  c.netflix.discovery.DiscoveryClient - DiscoveryClient_BT-MS-ACCOUNTS/NTTD-1MYJR54.mshome.net:bt-ms-accounts:8082 - deregister  status: 200
2025-02-25 18:13:35.319 [SpringApplicationShutdownHook] INFO  c.netflix.discovery.DiscoveryClient - Completed shut down of DiscoveryClient
2025-02-25 18:15:54.018 [main] INFO  o.s.t.c.s.AnnotationConfigContextLoaderUtils - Could not detect default configuration classes for test class [com.bootcamp.btmsaccounts.MsAccountsApplicationTests]: MsAccountsApplicationTests does not declare any static, non-private, non-final, nested classes annotated with @Configuration.
2025-02-25 18:15:54.279 [main] INFO  o.s.b.t.c.SpringBootTestContextBootstrapper - Found @SpringBootConfiguration com.bootcamp.btmsaccounts.MsAccountsApplication for test class com.bootcamp.btmsaccounts.MsAccountsApplicationTests
2025-02-25 18:15:55.557 [background-preinit] INFO  o.h.validator.internal.util.Version - HV000001: Hibernate Validator 8.0.2.Final
2025-02-25 18:15:56.641 [main] INFO  o.s.c.c.c.ConfigServicePropertySourceLocator - Fetching config from server at : http://localhost:9001
2025-02-25 18:15:57.714 [main] INFO  o.s.c.c.c.ConfigServicePropertySourceLocator - Located environment: name=bt-ms-accounts, profiles=[dev], label=null, version=c2c892c4a5466206eb8353f66864ddf3b15255e8, state=
2025-02-25 18:15:57.715 [main] INFO  o.s.c.b.c.PropertySourceBootstrapConfiguration - Located property source: [BootstrapPropertySource {name='bootstrapProperties-configClient'}, BootstrapPropertySource {name='bootstrapProperties-https://github.com/AldoSBou/BootcampConfigServerFiles/bt-ms-accounts-dev.yml'}]
2025-02-25 18:15:57.731 [main] INFO  c.b.b.MsAccountsApplicationTests - No active profile set, falling back to 1 default profile: "default"
2025-02-25 18:15:58.495 [main] INFO  o.s.d.r.c.RepositoryConfigurationDelegate - Bootstrapping Spring Data Reactive MongoDB repositories in DEFAULT mode.
2025-02-25 18:15:58.711 [main] INFO  o.s.d.r.c.RepositoryConfigurationDelegate - Finished Spring Data repository scanning in 200 ms. Found 4 Reactive MongoDB repository interfaces.
2025-02-25 18:15:59.048 [main] INFO  o.s.cloud.context.scope.GenericScope - BeanFactory id=e28f6a74-c6bb-3564-af92-7d1df323886a
2025-02-25 18:15:59.673 [main] INFO  org.mongodb.driver.client - MongoClient with metadata {"driver": {"name": "mongo-java-driver|reactive-streams|spring-boot", "version": "5.2.1"}, "os": {"type": "Windows", "name": "Windows 10", "architecture": "amd64", "version": "10.0"}, "platform": "Java/Oracle Corporation/17.0.12+8-LTS-286"} created with settings MongoClientSettings{readPreference=primary, writeConcern=WriteConcern{w=null, wTimeout=null ms, journal=null}, retryWrites=true, retryReads=true, readConcern=ReadConcern{level=null}, credential=null, transportSettings=NettyTransportSettings{eventLoopGroup=io.netty.channel.nio.NioEventLoopGroup@328f46f9, socketChannelClass=null, allocator=null, sslContext=null}, commandListeners=[], codecRegistry=ProvidersCodecRegistry{codecProviders=[ValueCodecProvider{}, BsonValueCodecProvider{}, DBRefCodecProvider{}, DBObjectCodecProvider{}, DocumentCodecProvider{}, CollectionCodecProvider{}, IterableCodecProvider{}, MapCodecProvider{}, GeoJsonCodecProvider{}, GridFSFileCodecProvider{}, Jsr310CodecProvider{}, JsonObjectCodecProvider{}, BsonCodecProvider{}, EnumCodecProvider{}, com.mongodb.client.model.mql.ExpressionCodecProvider@2f643a10, com.mongodb.Jep395RecordCodecProvider@ec28717, com.mongodb.KotlinCodecProvider@315a9738]}, loggerSettings=LoggerSettings{maxDocumentLength=1000}, clusterSettings={hosts=[localhost:27017], srvServiceName=mongodb, mode=SINGLE, requiredClusterType=UNKNOWN, requiredReplicaSetName='null', serverSelector='null', clusterListeners='[]', serverSelectionTimeout='30000 ms', localThreshold='15 ms'}, socketSettings=SocketSettings{connectTimeoutMS=10000, readTimeoutMS=0, receiveBufferSize=0, proxySettings=ProxySettings{host=null, port=null, username=null, password=null}}, heartbeatSocketSettings=SocketSettings{connectTimeoutMS=10000, readTimeoutMS=10000, receiveBufferSize=0, proxySettings=ProxySettings{host=null, port=null, username=null, password=null}}, connectionPoolSettings=ConnectionPoolSettings{maxSize=100, minSize=0, maxWaitTimeMS=120000, maxConnectionLifeTimeMS=0, maxConnectionIdleTimeMS=0, maintenanceInitialDelayMS=0, maintenanceFrequencyMS=60000, connectionPoolListeners=[], maxConnecting=2}, serverSettings=ServerSettings{heartbeatFrequencyMS=10000, minHeartbeatFrequencyMS=500, serverMonitoringMode=AUTO, serverListeners='[]', serverMonitorListeners='[]'}, sslSettings=SslSettings{enabled=false, invalidHostNameAllowed=false, context=null}, applicationName='null', compressorList=[], uuidRepresentation=JAVA_LEGACY, serverApi=null, autoEncryptionSettings=null, dnsClient=null, inetAddressResolver=null, contextProvider=null, timeoutMS=null}
2025-02-25 18:15:59.884 [cluster-ClusterId{value='67be4f2ff4989f704dde84ee', description='null'}-localhost:27017] INFO  org.mongodb.driver.cluster - Monitor thread successfully connected to server with description ServerDescription{address=localhost:27017, type=STANDALONE, cryptd=false, state=CONNECTED, ok=true, minWireVersion=0, maxWireVersion=25, maxDocumentSize=16777216, logicalSessionTimeoutMinutes=30, roundTripTimeNanos=71706200, minRoundTripTimeNanos=0}
2025-02-25 18:16:02.050 [main] WARN  o.s.w.r.r.ResourceHandlerUtils - Appended trailing slash to static resource location: classpath:/META-INF/resources/webjars/swagger-ui/5.18.3/
2025-02-25 18:16:02.606 [main] INFO  o.s.c.n.e.c.DiscoveryClientOptionalArgsConfiguration - Eureka HTTP Client uses RestTemplate.
2025-02-25 18:16:02.654 [main] WARN  o.s.c.l.c.LoadBalancerCacheAutoConfiguration$LoadBalancerCaffeineWarnLogger - Spring Cloud LoadBalancer is currently working with the default cache. While this cache implementation is useful for development and tests, it's recommended to use Caffeine cache in production.You can switch to using Caffeine cache, by adding it and org.springframework.cache.caffeine.CaffeineCacheManager to the classpath.
2025-02-25 18:16:02.699 [main] INFO  o.s.c.n.eureka.InstanceInfoFactory - Setting initial instance status as: STARTING
2025-02-25 18:16:02.740 [main] INFO  c.netflix.discovery.DiscoveryClient - Initializing Eureka in region us-east-1
2025-02-25 18:16:02.746 [main] INFO  c.n.d.s.r.aws.ConfigClusterResolver - Resolving eureka endpoints via configuration
2025-02-25 18:16:02.761 [main] INFO  c.netflix.discovery.DiscoveryClient - Disable delta property : false
2025-02-25 18:16:02.762 [main] INFO  c.netflix.discovery.DiscoveryClient - Single vip registry refresh property : null
2025-02-25 18:16:02.762 [main] INFO  c.netflix.discovery.DiscoveryClient - Force full registry fetch : false
2025-02-25 18:16:02.762 [main] INFO  c.netflix.discovery.DiscoveryClient - Application is null : false
2025-02-25 18:16:02.762 [main] INFO  c.netflix.discovery.DiscoveryClient - Registered Applications size is zero : true
2025-02-25 18:16:02.762 [main] INFO  c.netflix.discovery.DiscoveryClient - Application version is -1: true
2025-02-25 18:16:02.762 [main] INFO  c.netflix.discovery.DiscoveryClient - Getting all instance registry info from the eureka server
2025-02-25 18:16:03.034 [main] INFO  c.netflix.discovery.DiscoveryClient - The response status is 200
2025-02-25 18:16:03.037 [main] INFO  c.netflix.discovery.DiscoveryClient - Starting heartbeat executor: renew interval is: 30
2025-02-25 18:16:03.040 [main] INFO  c.n.discovery.InstanceInfoReplicator - InstanceInfoReplicator onDemand update allowed rate per min is 4
2025-02-25 18:16:03.042 [main] INFO  c.netflix.discovery.DiscoveryClient - Discovery Client initialized at timestamp 1740525363041 with initial instances count: 5
2025-02-25 18:16:03.045 [main] INFO  o.s.c.n.e.s.EurekaServiceRegistry - Registering application BT-MS-ACCOUNTS with eureka with status UP
2025-02-25 18:16:03.045 [main] INFO  c.netflix.discovery.DiscoveryClient - Saw local status change event StatusChangeEvent [timestamp=1740525363045, current=UP, previous=STARTING]
2025-02-25 18:16:03.046 [DiscoveryClient-InstanceInfoReplicator-%d] INFO  c.netflix.discovery.DiscoveryClient - DiscoveryClient_BT-MS-ACCOUNTS/NTTD-1MYJR54.mshome.net:bt-ms-accounts:8082: registering service...
2025-02-25 18:16:03.088 [DiscoveryClient-InstanceInfoReplicator-%d] INFO  c.netflix.discovery.DiscoveryClient - DiscoveryClient_BT-MS-ACCOUNTS/NTTD-1MYJR54.mshome.net:bt-ms-accounts:8082 - registration status: 204
2025-02-25 18:16:03.174 [main] INFO  c.b.b.MsAccountsApplicationTests - Started MsAccountsApplicationTests in 8.371 seconds (process running for 10.784)
2025-02-25 18:16:03.900 [SpringApplicationShutdownHook] INFO  o.s.c.n.e.s.EurekaServiceRegistry - Unregistering application BT-MS-ACCOUNTS with eureka with status DOWN
2025-02-25 18:16:03.900 [SpringApplicationShutdownHook] INFO  c.netflix.discovery.DiscoveryClient - Saw local status change event StatusChangeEvent [timestamp=1740525363900, current=DOWN, previous=UP]
2025-02-25 18:16:03.901 [DiscoveryClient-InstanceInfoReplicator-%d] INFO  c.netflix.discovery.DiscoveryClient - DiscoveryClient_BT-MS-ACCOUNTS/NTTD-1MYJR54.mshome.net:bt-ms-accounts:8082: registering service...
2025-02-25 18:16:03.908 [DiscoveryClient-InstanceInfoReplicator-%d] INFO  c.netflix.discovery.DiscoveryClient - DiscoveryClient_BT-MS-ACCOUNTS/NTTD-1MYJR54.mshome.net:bt-ms-accounts:8082 - registration status: 204
2025-02-25 18:16:08.374 [SpringApplicationShutdownHook] INFO  c.netflix.discovery.DiscoveryClient - Shutting down DiscoveryClient ...
2025-02-25 18:16:11.378 [SpringApplicationShutdownHook] INFO  c.netflix.discovery.DiscoveryClient - Unregistering ...
2025-02-25 18:16:11.397 [SpringApplicationShutdownHook] INFO  c.netflix.discovery.DiscoveryClient - DiscoveryClient_BT-MS-ACCOUNTS/NTTD-1MYJR54.mshome.net:bt-ms-accounts:8082 - deregister  status: 200
2025-02-25 18:16:11.397 [SpringApplicationShutdownHook] INFO  c.netflix.discovery.DiscoveryClient - Completed shut down of DiscoveryClient
2025-02-25 18:19:23.654 [main] INFO  o.s.t.c.s.AnnotationConfigContextLoaderUtils - Could not detect default configuration classes for test class [com.bootcamp.btmsaccounts.MsAccountsApplicationTests]: MsAccountsApplicationTests does not declare any static, non-private, non-final, nested classes annotated with @Configuration.
2025-02-25 18:19:23.902 [main] INFO  o.s.b.t.c.SpringBootTestContextBootstrapper - Found @SpringBootConfiguration com.bootcamp.btmsaccounts.MsAccountsApplication for test class com.bootcamp.btmsaccounts.MsAccountsApplicationTests
2025-02-25 18:19:25.183 [background-preinit] INFO  o.h.validator.internal.util.Version - HV000001: Hibernate Validator 8.0.2.Final
2025-02-25 18:19:26.211 [main] INFO  o.s.c.c.c.ConfigServicePropertySourceLocator - Fetching config from server at : http://localhost:9001
2025-02-25 18:19:28.206 [main] INFO  o.s.c.c.c.ConfigServicePropertySourceLocator - Located environment: name=bt-ms-accounts, profiles=[dev], label=null, version=c2c892c4a5466206eb8353f66864ddf3b15255e8, state=
2025-02-25 18:19:28.207 [main] INFO  o.s.c.b.c.PropertySourceBootstrapConfiguration - Located property source: [BootstrapPropertySource {name='bootstrapProperties-configClient'}, BootstrapPropertySource {name='bootstrapProperties-https://github.com/AldoSBou/BootcampConfigServerFiles/bt-ms-accounts-dev.yml'}]
2025-02-25 18:19:28.225 [main] INFO  c.b.b.MsAccountsApplicationTests - No active profile set, falling back to 1 default profile: "default"
2025-02-25 18:19:28.979 [main] INFO  o.s.d.r.c.RepositoryConfigurationDelegate - Bootstrapping Spring Data Reactive MongoDB repositories in DEFAULT mode.
2025-02-25 18:19:29.166 [main] INFO  o.s.d.r.c.RepositoryConfigurationDelegate - Finished Spring Data repository scanning in 176 ms. Found 4 Reactive MongoDB repository interfaces.
2025-02-25 18:19:29.609 [main] INFO  o.s.cloud.context.scope.GenericScope - BeanFactory id=e28f6a74-c6bb-3564-af92-7d1df323886a
2025-02-25 18:19:30.287 [main] INFO  org.mongodb.driver.client - MongoClient with metadata {"driver": {"name": "mongo-java-driver|reactive-streams|spring-boot", "version": "5.2.1"}, "os": {"type": "Windows", "name": "Windows 10", "architecture": "amd64", "version": "10.0"}, "platform": "Java/Oracle Corporation/17.0.12+8-LTS-286"} created with settings MongoClientSettings{readPreference=primary, writeConcern=WriteConcern{w=null, wTimeout=null ms, journal=null}, retryWrites=true, retryReads=true, readConcern=ReadConcern{level=null}, credential=null, transportSettings=NettyTransportSettings{eventLoopGroup=io.netty.channel.nio.NioEventLoopGroup@13acb4, socketChannelClass=null, allocator=null, sslContext=null}, commandListeners=[], codecRegistry=ProvidersCodecRegistry{codecProviders=[ValueCodecProvider{}, BsonValueCodecProvider{}, DBRefCodecProvider{}, DBObjectCodecProvider{}, DocumentCodecProvider{}, CollectionCodecProvider{}, IterableCodecProvider{}, MapCodecProvider{}, GeoJsonCodecProvider{}, GridFSFileCodecProvider{}, Jsr310CodecProvider{}, JsonObjectCodecProvider{}, BsonCodecProvider{}, EnumCodecProvider{}, com.mongodb.client.model.mql.ExpressionCodecProvider@69f90fc4, com.mongodb.Jep395RecordCodecProvider@16d52e51, com.mongodb.KotlinCodecProvider@328f46f9]}, loggerSettings=LoggerSettings{maxDocumentLength=1000}, clusterSettings={hosts=[localhost:27017], srvServiceName=mongodb, mode=SINGLE, requiredClusterType=UNKNOWN, requiredReplicaSetName='null', serverSelector='null', clusterListeners='[]', serverSelectionTimeout='30000 ms', localThreshold='15 ms'}, socketSettings=SocketSettings{connectTimeoutMS=10000, readTimeoutMS=0, receiveBufferSize=0, proxySettings=ProxySettings{host=null, port=null, username=null, password=null}}, heartbeatSocketSettings=SocketSettings{connectTimeoutMS=10000, readTimeoutMS=10000, receiveBufferSize=0, proxySettings=ProxySettings{host=null, port=null, username=null, password=null}}, connectionPoolSettings=ConnectionPoolSettings{maxSize=100, minSize=0, maxWaitTimeMS=120000, maxConnectionLifeTimeMS=0, maxConnectionIdleTimeMS=0, maintenanceInitialDelayMS=0, maintenanceFrequencyMS=60000, connectionPoolListeners=[], maxConnecting=2}, serverSettings=ServerSettings{heartbeatFrequencyMS=10000, minHeartbeatFrequencyMS=500, serverMonitoringMode=AUTO, serverListeners='[]', serverMonitorListeners='[]'}, sslSettings=SslSettings{enabled=false, invalidHostNameAllowed=false, context=null}, applicationName='null', compressorList=[], uuidRepresentation=JAVA_LEGACY, serverApi=null, autoEncryptionSettings=null, dnsClient=null, inetAddressResolver=null, contextProvider=null, timeoutMS=null}
2025-02-25 18:19:30.500 [cluster-ClusterId{value='67be5002a1e72a588d0a0917', description='null'}-localhost:27017] INFO  org.mongodb.driver.cluster - Monitor thread successfully connected to server with description ServerDescription{address=localhost:27017, type=STANDALONE, cryptd=false, state=CONNECTED, ok=true, minWireVersion=0, maxWireVersion=25, maxDocumentSize=16777216, logicalSessionTimeoutMinutes=30, roundTripTimeNanos=80824100, minRoundTripTimeNanos=0}
2025-02-25 18:19:32.444 [main] WARN  o.s.w.r.r.ResourceHandlerUtils - Appended trailing slash to static resource location: classpath:/META-INF/resources/webjars/swagger-ui/5.18.3/
2025-02-25 18:19:32.939 [main] INFO  o.s.c.n.e.c.DiscoveryClientOptionalArgsConfiguration - Eureka HTTP Client uses RestTemplate.
2025-02-25 18:19:32.988 [main] WARN  o.s.c.l.c.LoadBalancerCacheAutoConfiguration$LoadBalancerCaffeineWarnLogger - Spring Cloud LoadBalancer is currently working with the default cache. While this cache implementation is useful for development and tests, it's recommended to use Caffeine cache in production.You can switch to using Caffeine cache, by adding it and org.springframework.cache.caffeine.CaffeineCacheManager to the classpath.
2025-02-25 18:19:33.034 [main] INFO  o.s.c.n.eureka.InstanceInfoFactory - Setting initial instance status as: STARTING
2025-02-25 18:19:33.063 [main] INFO  c.netflix.discovery.DiscoveryClient - Initializing Eureka in region us-east-1
2025-02-25 18:19:33.069 [main] INFO  c.n.d.s.r.aws.ConfigClusterResolver - Resolving eureka endpoints via configuration
2025-02-25 18:19:33.080 [main] INFO  c.netflix.discovery.DiscoveryClient - Disable delta property : false
2025-02-25 18:19:33.081 [main] INFO  c.netflix.discovery.DiscoveryClient - Single vip registry refresh property : null
2025-02-25 18:19:33.081 [main] INFO  c.netflix.discovery.DiscoveryClient - Force full registry fetch : false
2025-02-25 18:19:33.081 [main] INFO  c.netflix.discovery.DiscoveryClient - Application is null : false
2025-02-25 18:19:33.081 [main] INFO  c.netflix.discovery.DiscoveryClient - Registered Applications size is zero : true
2025-02-25 18:19:33.081 [main] INFO  c.netflix.discovery.DiscoveryClient - Application version is -1: true
2025-02-25 18:19:33.081 [main] INFO  c.netflix.discovery.DiscoveryClient - Getting all instance registry info from the eureka server
2025-02-25 18:19:33.306 [main] INFO  c.netflix.discovery.DiscoveryClient - The response status is 200
2025-02-25 18:19:33.308 [main] INFO  c.netflix.discovery.DiscoveryClient - Starting heartbeat executor: renew interval is: 30
2025-02-25 18:19:33.310 [main] INFO  c.n.discovery.InstanceInfoReplicator - InstanceInfoReplicator onDemand update allowed rate per min is 4
2025-02-25 18:19:33.312 [main] INFO  c.netflix.discovery.DiscoveryClient - Discovery Client initialized at timestamp 1740525573311 with initial instances count: 5
2025-02-25 18:19:33.315 [main] INFO  o.s.c.n.e.s.EurekaServiceRegistry - Registering application BT-MS-ACCOUNTS with eureka with status UP
2025-02-25 18:19:33.315 [main] INFO  c.netflix.discovery.DiscoveryClient - Saw local status change event StatusChangeEvent [timestamp=1740525573315, current=UP, previous=STARTING]
2025-02-25 18:19:33.316 [DiscoveryClient-InstanceInfoReplicator-%d] INFO  c.netflix.discovery.DiscoveryClient - DiscoveryClient_BT-MS-ACCOUNTS/NTTD-1MYJR54.mshome.net:bt-ms-accounts:8082: registering service...
2025-02-25 18:19:33.366 [DiscoveryClient-InstanceInfoReplicator-%d] INFO  c.netflix.discovery.DiscoveryClient - DiscoveryClient_BT-MS-ACCOUNTS/NTTD-1MYJR54.mshome.net:bt-ms-accounts:8082 - registration status: 204
2025-02-25 18:19:33.456 [main] INFO  c.b.b.MsAccountsApplicationTests - Started MsAccountsApplicationTests in 9.08 seconds (process running for 11.402)
2025-02-25 18:19:34.236 [SpringApplicationShutdownHook] INFO  o.s.c.n.e.s.EurekaServiceRegistry - Unregistering application BT-MS-ACCOUNTS with eureka with status DOWN
2025-02-25 18:19:34.236 [SpringApplicationShutdownHook] INFO  c.netflix.discovery.DiscoveryClient - Saw local status change event StatusChangeEvent [timestamp=1740525574236, current=DOWN, previous=UP]
2025-02-25 18:19:34.237 [DiscoveryClient-InstanceInfoReplicator-%d] INFO  c.netflix.discovery.DiscoveryClient - DiscoveryClient_BT-MS-ACCOUNTS/NTTD-1MYJR54.mshome.net:bt-ms-accounts:8082: registering service...
2025-02-25 18:19:34.247 [DiscoveryClient-InstanceInfoReplicator-%d] INFO  c.netflix.discovery.DiscoveryClient - DiscoveryClient_BT-MS-ACCOUNTS/NTTD-1MYJR54.mshome.net:bt-ms-accounts:8082 - registration status: 204
2025-02-25 18:19:38.720 [SpringApplicationShutdownHook] INFO  c.netflix.discovery.DiscoveryClient - Shutting down DiscoveryClient ...
2025-02-25 18:19:41.732 [SpringApplicationShutdownHook] INFO  c.netflix.discovery.DiscoveryClient - Unregistering ...
2025-02-25 18:19:41.756 [SpringApplicationShutdownHook] INFO  c.netflix.discovery.DiscoveryClient - DiscoveryClient_BT-MS-ACCOUNTS/NTTD-1MYJR54.mshome.net:bt-ms-accounts:8082 - deregister  status: 200
2025-02-25 18:19:41.756 [SpringApplicationShutdownHook] INFO  c.netflix.discovery.DiscoveryClient - Completed shut down of DiscoveryClient
2025-02-25 20:02:21.524 [main] INFO  o.s.t.c.s.AnnotationConfigContextLoaderUtils - Could not detect default configuration classes for test class [com.bootcamp.btmsaccounts.MsAccountsApplicationTests]: MsAccountsApplicationTests does not declare any static, non-private, non-final, nested classes annotated with @Configuration.
2025-02-25 20:02:21.890 [main] INFO  o.s.b.t.c.SpringBootTestContextBootstrapper - Found @SpringBootConfiguration com.bootcamp.btmsaccounts.MsAccountsApplication for test class com.bootcamp.btmsaccounts.MsAccountsApplicationTests
2025-02-25 20:02:23.647 [background-preinit] INFO  o.h.validator.internal.util.Version - HV000001: Hibernate Validator 8.0.2.Final
2025-02-25 20:02:25.269 [main] INFO  o.s.c.c.c.ConfigServicePropertySourceLocator - Fetching config from server at : http://localhost:9001
2025-02-25 20:02:28.031 [main] INFO  o.s.c.c.c.ConfigServicePropertySourceLocator - Located environment: name=bt-ms-accounts, profiles=[dev], label=null, version=c2c892c4a5466206eb8353f66864ddf3b15255e8, state=
2025-02-25 20:02:28.034 [main] INFO  o.s.c.b.c.PropertySourceBootstrapConfiguration - Located property source: [BootstrapPropertySource {name='bootstrapProperties-configClient'}, BootstrapPropertySource {name='bootstrapProperties-https://github.com/AldoSBou/BootcampConfigServerFiles/bt-ms-accounts-dev.yml'}]
2025-02-25 20:02:28.077 [main] INFO  c.b.b.MsAccountsApplicationTests - No active profile set, falling back to 1 default profile: "default"
2025-02-25 20:02:29.698 [main] INFO  o.s.d.r.c.RepositoryConfigurationDelegate - Bootstrapping Spring Data Reactive MongoDB repositories in DEFAULT mode.
2025-02-25 20:02:30.041 [main] INFO  o.s.d.r.c.RepositoryConfigurationDelegate - Finished Spring Data repository scanning in 329 ms. Found 4 Reactive MongoDB repository interfaces.
2025-02-25 20:02:30.585 [main] INFO  o.s.cloud.context.scope.GenericScope - BeanFactory id=e28f6a74-c6bb-3564-af92-7d1df323886a
2025-02-25 20:02:31.571 [main] INFO  org.mongodb.driver.client - MongoClient with metadata {"driver": {"name": "mongo-java-driver|reactive-streams|spring-boot", "version": "5.2.1"}, "os": {"type": "Windows", "name": "Windows 10", "architecture": "amd64", "version": "10.0"}, "platform": "Java/Oracle Corporation/17.0.12+8-LTS-286"} created with settings MongoClientSettings{readPreference=primary, writeConcern=WriteConcern{w=null, wTimeout=null ms, journal=null}, retryWrites=true, retryReads=true, readConcern=ReadConcern{level=null}, credential=null, transportSettings=NettyTransportSettings{eventLoopGroup=io.netty.channel.nio.NioEventLoopGroup@79aab764, socketChannelClass=null, allocator=null, sslContext=null}, commandListeners=[], codecRegistry=ProvidersCodecRegistry{codecProviders=[ValueCodecProvider{}, BsonValueCodecProvider{}, DBRefCodecProvider{}, DBObjectCodecProvider{}, DocumentCodecProvider{}, CollectionCodecProvider{}, IterableCodecProvider{}, MapCodecProvider{}, GeoJsonCodecProvider{}, GridFSFileCodecProvider{}, Jsr310CodecProvider{}, JsonObjectCodecProvider{}, BsonCodecProvider{}, EnumCodecProvider{}, com.mongodb.client.model.mql.ExpressionCodecProvider@7790a6fb, com.mongodb.Jep395RecordCodecProvider@6df06d21, com.mongodb.KotlinCodecProvider@876c4f0]}, loggerSettings=LoggerSettings{maxDocumentLength=1000}, clusterSettings={hosts=[localhost:27017], srvServiceName=mongodb, mode=SINGLE, requiredClusterType=UNKNOWN, requiredReplicaSetName='null', serverSelector='null', clusterListeners='[]', serverSelectionTimeout='30000 ms', localThreshold='15 ms'}, socketSettings=SocketSettings{connectTimeoutMS=10000, readTimeoutMS=0, receiveBufferSize=0, proxySettings=ProxySettings{host=null, port=null, username=null, password=null}}, heartbeatSocketSettings=SocketSettings{connectTimeoutMS=10000, readTimeoutMS=10000, receiveBufferSize=0, proxySettings=ProxySettings{host=null, port=null, username=null, password=null}}, connectionPoolSettings=ConnectionPoolSettings{maxSize=100, minSize=0, maxWaitTimeMS=120000, maxConnectionLifeTimeMS=0, maxConnectionIdleTimeMS=0, maintenanceInitialDelayMS=0, maintenanceFrequencyMS=60000, connectionPoolListeners=[], maxConnecting=2}, serverSettings=ServerSettings{heartbeatFrequencyMS=10000, minHeartbeatFrequencyMS=500, serverMonitoringMode=AUTO, serverListeners='[]', serverMonitorListeners='[]'}, sslSettings=SslSettings{enabled=false, invalidHostNameAllowed=false, context=null}, applicationName='null', compressorList=[], uuidRepresentation=JAVA_LEGACY, serverApi=null, autoEncryptionSettings=null, dnsClient=null, inetAddressResolver=null, contextProvider=null, timeoutMS=null}
2025-02-25 20:02:31.884 [cluster-ClusterId{value='67be6827d49a4534808ba38c', description='null'}-localhost:27017] INFO  org.mongodb.driver.cluster - Monitor thread successfully connected to server with description ServerDescription{address=localhost:27017, type=STANDALONE, cryptd=false, state=CONNECTED, ok=true, minWireVersion=0, maxWireVersion=25, maxDocumentSize=16777216, logicalSessionTimeoutMinutes=30, roundTripTimeNanos=103330100, minRoundTripTimeNanos=0}
2025-02-25 20:02:35.067 [main] WARN  o.s.w.r.r.ResourceHandlerUtils - Appended trailing slash to static resource location: classpath:/META-INF/resources/webjars/swagger-ui/5.18.3/
2025-02-25 20:02:36.176 [main] INFO  o.s.c.n.e.c.DiscoveryClientOptionalArgsConfiguration - Eureka HTTP Client uses RestTemplate.
2025-02-25 20:02:36.283 [main] WARN  o.s.c.l.c.LoadBalancerCacheAutoConfiguration$LoadBalancerCaffeineWarnLogger - Spring Cloud LoadBalancer is currently working with the default cache. While this cache implementation is useful for development and tests, it's recommended to use Caffeine cache in production.You can switch to using Caffeine cache, by adding it and org.springframework.cache.caffeine.CaffeineCacheManager to the classpath.
2025-02-25 20:02:36.431 [main] INFO  o.s.c.n.eureka.InstanceInfoFactory - Setting initial instance status as: STARTING
2025-02-25 20:02:36.512 [main] INFO  c.netflix.discovery.DiscoveryClient - Initializing Eureka in region us-east-1
2025-02-25 20:02:36.521 [main] INFO  c.n.d.s.r.aws.ConfigClusterResolver - Resolving eureka endpoints via configuration
2025-02-25 20:02:36.547 [main] INFO  c.netflix.discovery.DiscoveryClient - Disable delta property : false
2025-02-25 20:02:36.547 [main] INFO  c.netflix.discovery.DiscoveryClient - Single vip registry refresh property : null
2025-02-25 20:02:36.548 [main] INFO  c.netflix.discovery.DiscoveryClient - Force full registry fetch : false
2025-02-25 20:02:36.548 [main] INFO  c.netflix.discovery.DiscoveryClient - Application is null : false
2025-02-25 20:02:36.548 [main] INFO  c.netflix.discovery.DiscoveryClient - Registered Applications size is zero : true
2025-02-25 20:02:36.548 [main] INFO  c.netflix.discovery.DiscoveryClient - Application version is -1: true
2025-02-25 20:02:36.548 [main] INFO  c.netflix.discovery.DiscoveryClient - Getting all instance registry info from the eureka server
2025-02-25 20:02:37.358 [main] INFO  c.netflix.discovery.DiscoveryClient - The response status is 200
2025-02-25 20:02:37.365 [main] INFO  c.netflix.discovery.DiscoveryClient - Starting heartbeat executor: renew interval is: 30
2025-02-25 20:02:37.372 [main] INFO  c.n.discovery.InstanceInfoReplicator - InstanceInfoReplicator onDemand update allowed rate per min is 4
2025-02-25 20:02:37.378 [main] INFO  c.netflix.discovery.DiscoveryClient - Discovery Client initialized at timestamp 1740531757376 with initial instances count: 5
2025-02-25 20:02:37.388 [main] INFO  o.s.c.n.e.s.EurekaServiceRegistry - Registering application BT-MS-ACCOUNTS with eureka with status UP
2025-02-25 20:02:37.389 [main] INFO  c.netflix.discovery.DiscoveryClient - Saw local status change event StatusChangeEvent [timestamp=1740531757389, current=UP, previous=STARTING]
2025-02-25 20:02:37.393 [DiscoveryClient-InstanceInfoReplicator-%d] INFO  c.netflix.discovery.DiscoveryClient - DiscoveryClient_BT-MS-ACCOUNTS/NTTD-1MYJR54.mshome.net:bt-ms-accounts:8082: registering service...
2025-02-25 20:02:37.537 [DiscoveryClient-InstanceInfoReplicator-%d] INFO  c.netflix.discovery.DiscoveryClient - DiscoveryClient_BT-MS-ACCOUNTS/NTTD-1MYJR54.mshome.net:bt-ms-accounts:8082 - registration status: 204
2025-02-25 20:02:37.695 [main] INFO  c.b.b.MsAccountsApplicationTests - Started MsAccountsApplicationTests in 15.123 seconds (process running for 18.826)
2025-02-25 20:02:39.377 [SpringApplicationShutdownHook] INFO  o.s.c.n.e.s.EurekaServiceRegistry - Unregistering application BT-MS-ACCOUNTS with eureka with status DOWN
2025-02-25 20:02:39.378 [SpringApplicationShutdownHook] INFO  c.netflix.discovery.DiscoveryClient - Saw local status change event StatusChangeEvent [timestamp=1740531759378, current=DOWN, previous=UP]
2025-02-25 20:02:39.379 [DiscoveryClient-InstanceInfoReplicator-%d] INFO  c.netflix.discovery.DiscoveryClient - DiscoveryClient_BT-MS-ACCOUNTS/NTTD-1MYJR54.mshome.net:bt-ms-accounts:8082: registering service...
2025-02-25 20:02:39.391 [DiscoveryClient-InstanceInfoReplicator-%d] INFO  c.netflix.discovery.DiscoveryClient - DiscoveryClient_BT-MS-ACCOUNTS/NTTD-1MYJR54.mshome.net:bt-ms-accounts:8082 - registration status: 204
2025-02-25 20:02:43.952 [SpringApplicationShutdownHook] INFO  c.netflix.discovery.DiscoveryClient - Shutting down DiscoveryClient ...
2025-02-25 20:02:46.968 [SpringApplicationShutdownHook] INFO  c.netflix.discovery.DiscoveryClient - Unregistering ...
2025-02-25 20:02:46.997 [SpringApplicationShutdownHook] INFO  c.netflix.discovery.DiscoveryClient - DiscoveryClient_BT-MS-ACCOUNTS/NTTD-1MYJR54.mshome.net:bt-ms-accounts:8082 - deregister  status: 200
2025-02-25 20:02:46.999 [SpringApplicationShutdownHook] INFO  c.netflix.discovery.DiscoveryClient - Completed shut down of DiscoveryClient
2025-02-25 20:13:38.858 [main] INFO  o.s.t.c.s.AnnotationConfigContextLoaderUtils - Could not detect default configuration classes for test class [com.bootcamp.btmsaccounts.MsAccountsApplicationTests]: MsAccountsApplicationTests does not declare any static, non-private, non-final, nested classes annotated with @Configuration.
2025-02-25 20:13:39.291 [main] INFO  o.s.b.t.c.SpringBootTestContextBootstrapper - Found @SpringBootConfiguration com.bootcamp.btmsaccounts.MsAccountsApplication for test class com.bootcamp.btmsaccounts.MsAccountsApplicationTests
2025-02-25 20:13:41.775 [background-preinit] INFO  o.h.validator.internal.util.Version - HV000001: Hibernate Validator 8.0.2.Final
2025-02-25 20:13:43.377 [main] INFO  o.s.c.c.c.ConfigServicePropertySourceLocator - Fetching config from server at : http://localhost:9001
2025-02-25 20:13:45.544 [main] INFO  o.s.c.c.c.ConfigServicePropertySourceLocator - Located environment: name=bt-ms-accounts, profiles=[dev], label=null, version=c2c892c4a5466206eb8353f66864ddf3b15255e8, state=
2025-02-25 20:13:45.548 [main] INFO  o.s.c.b.c.PropertySourceBootstrapConfiguration - Located property source: [BootstrapPropertySource {name='bootstrapProperties-configClient'}, BootstrapPropertySource {name='bootstrapProperties-https://github.com/AldoSBou/BootcampConfigServerFiles/bt-ms-accounts-dev.yml'}]
2025-02-25 20:13:45.595 [main] INFO  c.b.b.MsAccountsApplicationTests - No active profile set, falling back to 1 default profile: "default"
2025-02-25 20:13:47.001 [main] INFO  o.s.d.r.c.RepositoryConfigurationDelegate - Bootstrapping Spring Data Reactive MongoDB repositories in DEFAULT mode.
2025-02-25 20:13:47.288 [main] INFO  o.s.d.r.c.RepositoryConfigurationDelegate - Finished Spring Data repository scanning in 270 ms. Found 4 Reactive MongoDB repository interfaces.
2025-02-25 20:13:47.853 [main] INFO  o.s.cloud.context.scope.GenericScope - BeanFactory id=e28f6a74-c6bb-3564-af92-7d1df323886a
2025-02-25 20:13:48.889 [main] INFO  org.mongodb.driver.client - MongoClient with metadata {"driver": {"name": "mongo-java-driver|reactive-streams|spring-boot", "version": "5.2.1"}, "os": {"type": "Windows", "name": "Windows 10", "architecture": "amd64", "version": "10.0"}, "platform": "Java/Oracle Corporation/17.0.12+8-LTS-286"} created with settings MongoClientSettings{readPreference=primary, writeConcern=WriteConcern{w=null, wTimeout=null ms, journal=null}, retryWrites=true, retryReads=true, readConcern=ReadConcern{level=null}, credential=null, transportSettings=NettyTransportSettings{eventLoopGroup=io.netty.channel.nio.NioEventLoopGroup@2f643a10, socketChannelClass=null, allocator=null, sslContext=null}, commandListeners=[], codecRegistry=ProvidersCodecRegistry{codecProviders=[ValueCodecProvider{}, BsonValueCodecProvider{}, DBRefCodecProvider{}, DBObjectCodecProvider{}, DocumentCodecProvider{}, CollectionCodecProvider{}, IterableCodecProvider{}, MapCodecProvider{}, GeoJsonCodecProvider{}, GridFSFileCodecProvider{}, Jsr310CodecProvider{}, JsonObjectCodecProvider{}, BsonCodecProvider{}, EnumCodecProvider{}, com.mongodb.client.model.mql.ExpressionCodecProvider@ec28717, com.mongodb.Jep395RecordCodecProvider@315a9738, com.mongodb.KotlinCodecProvider@79aab764]}, loggerSettings=LoggerSettings{maxDocumentLength=1000}, clusterSettings={hosts=[localhost:27017], srvServiceName=mongodb, mode=SINGLE, requiredClusterType=UNKNOWN, requiredReplicaSetName='null', serverSelector='null', clusterListeners='[]', serverSelectionTimeout='30000 ms', localThreshold='15 ms'}, socketSettings=SocketSettings{connectTimeoutMS=10000, readTimeoutMS=0, receiveBufferSize=0, proxySettings=ProxySettings{host=null, port=null, username=null, password=null}}, heartbeatSocketSettings=SocketSettings{connectTimeoutMS=10000, readTimeoutMS=10000, receiveBufferSize=0, proxySettings=ProxySettings{host=null, port=null, username=null, password=null}}, connectionPoolSettings=ConnectionPoolSettings{maxSize=100, minSize=0, maxWaitTimeMS=120000, maxConnectionLifeTimeMS=0, maxConnectionIdleTimeMS=0, maintenanceInitialDelayMS=0, maintenanceFrequencyMS=60000, connectionPoolListeners=[], maxConnecting=2}, serverSettings=ServerSettings{heartbeatFrequencyMS=10000, minHeartbeatFrequencyMS=500, serverMonitoringMode=AUTO, serverListeners='[]', serverMonitorListeners='[]'}, sslSettings=SslSettings{enabled=false, invalidHostNameAllowed=false, context=null}, applicationName='null', compressorList=[], uuidRepresentation=JAVA_LEGACY, serverApi=null, autoEncryptionSettings=null, dnsClient=null, inetAddressResolver=null, contextProvider=null, timeoutMS=null}
2025-02-25 20:13:49.223 [cluster-ClusterId{value='67be6accf8406234a6b436ac', description='null'}-localhost:27017] INFO  org.mongodb.driver.cluster - Monitor thread successfully connected to server with description ServerDescription{address=localhost:27017, type=STANDALONE, cryptd=false, state=CONNECTED, ok=true, minWireVersion=0, maxWireVersion=25, maxDocumentSize=16777216, logicalSessionTimeoutMinutes=30, roundTripTimeNanos=132178000, minRoundTripTimeNanos=0}
2025-02-25 20:13:52.346 [main] WARN  o.s.w.r.r.ResourceHandlerUtils - Appended trailing slash to static resource location: classpath:/META-INF/resources/webjars/swagger-ui/5.18.3/
2025-02-25 20:13:53.065 [main] INFO  o.s.c.n.e.c.DiscoveryClientOptionalArgsConfiguration - Eureka HTTP Client uses RestTemplate.
2025-02-25 20:13:53.159 [main] WARN  o.s.c.l.c.LoadBalancerCacheAutoConfiguration$LoadBalancerCaffeineWarnLogger - Spring Cloud LoadBalancer is currently working with the default cache. While this cache implementation is useful for development and tests, it's recommended to use Caffeine cache in production.You can switch to using Caffeine cache, by adding it and org.springframework.cache.caffeine.CaffeineCacheManager to the classpath.
2025-02-25 20:13:53.237 [main] INFO  o.s.c.n.eureka.InstanceInfoFactory - Setting initial instance status as: STARTING
2025-02-25 20:13:53.283 [main] INFO  c.netflix.discovery.DiscoveryClient - Initializing Eureka in region us-east-1
2025-02-25 20:13:53.289 [main] INFO  c.n.d.s.r.aws.ConfigClusterResolver - Resolving eureka endpoints via configuration
2025-02-25 20:13:53.306 [main] INFO  c.netflix.discovery.DiscoveryClient - Disable delta property : false
2025-02-25 20:13:53.307 [main] INFO  c.netflix.discovery.DiscoveryClient - Single vip registry refresh property : null
2025-02-25 20:13:53.308 [main] INFO  c.netflix.discovery.DiscoveryClient - Force full registry fetch : false
2025-02-25 20:13:53.308 [main] INFO  c.netflix.discovery.DiscoveryClient - Application is null : false
2025-02-25 20:13:53.308 [main] INFO  c.netflix.discovery.DiscoveryClient - Registered Applications size is zero : true
2025-02-25 20:13:53.308 [main] INFO  c.netflix.discovery.DiscoveryClient - Application version is -1: true
2025-02-25 20:13:53.308 [main] INFO  c.netflix.discovery.DiscoveryClient - Getting all instance registry info from the eureka server
2025-02-25 20:13:53.719 [main] INFO  c.netflix.discovery.DiscoveryClient - The response status is 200
2025-02-25 20:13:53.724 [main] INFO  c.netflix.discovery.DiscoveryClient - Starting heartbeat executor: renew interval is: 30
2025-02-25 20:13:53.728 [main] INFO  c.n.discovery.InstanceInfoReplicator - InstanceInfoReplicator onDemand update allowed rate per min is 4
2025-02-25 20:13:53.734 [main] INFO  c.netflix.discovery.DiscoveryClient - Discovery Client initialized at timestamp 1740532433732 with initial instances count: 5
2025-02-25 20:13:53.740 [main] INFO  o.s.c.n.e.s.EurekaServiceRegistry - Registering application BT-MS-ACCOUNTS with eureka with status UP
2025-02-25 20:13:53.741 [main] INFO  c.netflix.discovery.DiscoveryClient - Saw local status change event StatusChangeEvent [timestamp=1740532433741, current=UP, previous=STARTING]
2025-02-25 20:13:53.744 [DiscoveryClient-InstanceInfoReplicator-%d] INFO  c.netflix.discovery.DiscoveryClient - DiscoveryClient_BT-MS-ACCOUNTS/NTTD-1MYJR54.mshome.net:bt-ms-accounts:8082: registering service...
2025-02-25 20:13:53.810 [DiscoveryClient-InstanceInfoReplicator-%d] INFO  c.netflix.discovery.DiscoveryClient - DiscoveryClient_BT-MS-ACCOUNTS/NTTD-1MYJR54.mshome.net:bt-ms-accounts:8082 - registration status: 204
2025-02-25 20:13:53.969 [main] INFO  c.b.b.MsAccountsApplicationTests - Started MsAccountsApplicationTests in 13.67 seconds (process running for 17.697)
2025-02-25 20:13:55.343 [SpringApplicationShutdownHook] INFO  o.s.c.n.e.s.EurekaServiceRegistry - Unregistering application BT-MS-ACCOUNTS with eureka with status DOWN
2025-02-25 20:13:55.343 [SpringApplicationShutdownHook] INFO  c.netflix.discovery.DiscoveryClient - Saw local status change event StatusChangeEvent [timestamp=1740532435343, current=DOWN, previous=UP]
2025-02-25 20:13:55.344 [DiscoveryClient-InstanceInfoReplicator-%d] INFO  c.netflix.discovery.DiscoveryClient - DiscoveryClient_BT-MS-ACCOUNTS/NTTD-1MYJR54.mshome.net:bt-ms-accounts:8082: registering service...
2025-02-25 20:13:55.356 [DiscoveryClient-InstanceInfoReplicator-%d] INFO  c.netflix.discovery.DiscoveryClient - DiscoveryClient_BT-MS-ACCOUNTS/NTTD-1MYJR54.mshome.net:bt-ms-accounts:8082 - registration status: 204
2025-02-25 20:13:59.961 [SpringApplicationShutdownHook] INFO  c.netflix.discovery.DiscoveryClient - Shutting down DiscoveryClient ...
2025-02-25 20:14:02.973 [SpringApplicationShutdownHook] INFO  c.netflix.discovery.DiscoveryClient - Unregistering ...
2025-02-25 20:14:02.996 [SpringApplicationShutdownHook] INFO  c.netflix.discovery.DiscoveryClient - DiscoveryClient_BT-MS-ACCOUNTS/NTTD-1MYJR54.mshome.net:bt-ms-accounts:8082 - deregister  status: 200
2025-02-25 20:14:02.997 [SpringApplicationShutdownHook] INFO  c.netflix.discovery.DiscoveryClient - Completed shut down of DiscoveryClient
