2025-03-03 16:23:28.491 [main] INFO  o.s.t.c.s.AnnotationConfigContextLoaderUtils - Could not detect default configuration classes for test class [com.bootcamp.btmsaccounts.controller.AccountControllerTest]: AccountControllerTest does not declare any static, non-private, non-final, nested classes annotated with @Configuration.
2025-03-03 16:23:28.788 [main] INFO  o.s.b.t.c.SpringBootTestContextBootstrapper - Found @SpringBootConfiguration com.bootcamp.btmsaccounts.MsAccountsApplication for test class com.bootcamp.btmsaccounts.controller.AccountControllerTest
2025-03-03 16:23:29.454 [background-preinit] INFO  o.h.validator.internal.util.Version - HV000001: Hibernate Validator 8.0.2.Final
2025-03-03 16:23:30.243 [main] INFO  o.s.c.c.c.ConfigServicePropertySourceLocator - Fetching config from server at : http://localhost:9001
2025-03-03 16:23:31.065 [main] INFO  o.s.c.c.c.ConfigServicePropertySourceLocator - Located environment: name=bt-ms-accounts, profiles=[dev], label=null, version=6c6ceb3427a1343b1f620c7c5ccab86dc30bda64, state=
2025-03-03 16:23:31.066 [main] INFO  o.s.c.b.c.PropertySourceBootstrapConfiguration - Located property source: [BootstrapPropertySource {name='bootstrapProperties-configClient'}, BootstrapPropertySource {name='bootstrapProperties-https://github.com/AldoSBou/BootcampConfigServerFiles/bt-ms-accounts-dev.yml'}]
2025-03-03 16:23:31.078 [main] INFO  c.b.b.c.AccountControllerTest - No active profile set, falling back to 1 default profile: "default"
2025-03-03 16:23:33.403 [main] INFO  c.b.b.c.AccountControllerTest - Started AccountControllerTest in 4.424 seconds (process running for 6.641)
2025-03-03 16:23:33.577 [main] DEBUG o.s.w.r.f.client.ExchangeFunctions - [6cc20add] HTTP POST /api/accounts/1213123412321/balance
2025-03-03 16:23:33.917 [parallel-1] DEBUG o.s.w.r.f.client.ExchangeFunctions - [6cc20add] [5eaac5fd] Response 202 ACCEPTED
2025-03-03 19:29:06.871 [main] INFO  o.s.t.c.s.AnnotationConfigContextLoaderUtils - Could not detect default configuration classes for test class [com.bootcamp.btmsaccounts.controller.AccountControllerTest]: AccountControllerTest does not declare any static, non-private, non-final, nested classes annotated with @Configuration.
2025-03-03 19:29:07.102 [main] INFO  o.s.b.t.c.SpringBootTestContextBootstrapper - Found @SpringBootConfiguration com.bootcamp.btmsaccounts.MsAccountsApplication for test class com.bootcamp.btmsaccounts.controller.AccountControllerTest
2025-03-03 19:29:07.728 [background-preinit] INFO  o.h.validator.internal.util.Version - HV000001: Hibernate Validator 8.0.2.Final
2025-03-03 19:29:08.570 [main] INFO  o.s.c.c.c.ConfigServicePropertySourceLocator - Fetching config from server at : http://localhost:9001
2025-03-03 19:29:08.829 [main] INFO  o.s.c.c.c.ConfigServicePropertySourceLocator - Located environment: name=bt-ms-accounts, profiles=[dev], label=null, version=6c6ceb3427a1343b1f620c7c5ccab86dc30bda64, state=
2025-03-03 19:29:08.830 [main] INFO  o.s.c.b.c.PropertySourceBootstrapConfiguration - Located property source: [BootstrapPropertySource {name='bootstrapProperties-configClient'}, BootstrapPropertySource {name='bootstrapProperties-https://github.com/AldoSBou/BootcampConfigServerFiles/bt-ms-accounts-dev.yml'}]
2025-03-03 19:29:08.848 [main] INFO  c.b.b.c.AccountControllerTest - No active profile set, falling back to 1 default profile: "default"
2025-03-03 19:29:11.546 [main] INFO  c.b.b.c.AccountControllerTest - Started AccountControllerTest in 4.289 seconds (process running for 6.354)
2025-03-03 19:29:11.733 [main] DEBUG o.s.w.r.f.client.ExchangeFunctions - [915ac5c] HTTP POST /api/accounts/1213123412321/balance
2025-03-03 19:29:12.095 [parallel-1] DEBUG o.s.w.r.f.client.ExchangeFunctions - [915ac5c] [24345873] Response 202 ACCEPTED
2025-03-03 20:10:29.103 [main] INFO  o.s.t.c.s.AnnotationConfigContextLoaderUtils - Could not detect default configuration classes for test class [com.bootcamp.btmsaccounts.controller.AccountControllerTest]: AccountControllerTest does not declare any static, non-private, non-final, nested classes annotated with @Configuration.
2025-03-03 20:10:29.356 [main] INFO  o.s.b.t.c.SpringBootTestContextBootstrapper - Found @SpringBootConfiguration com.bootcamp.btmsaccounts.MsAccountsApplication for test class com.bootcamp.btmsaccounts.controller.AccountControllerTest
2025-03-03 20:10:30.057 [background-preinit] INFO  o.h.validator.internal.util.Version - HV000001: Hibernate Validator 8.0.2.Final
2025-03-03 20:10:30.841 [main] INFO  o.s.c.c.c.ConfigServicePropertySourceLocator - Fetching config from server at : http://localhost:9001
2025-03-03 20:10:31.031 [main] INFO  o.s.c.c.c.ConfigServicePropertySourceLocator - Located environment: name=bt-ms-accounts, profiles=[dev], label=null, version=6c6ceb3427a1343b1f620c7c5ccab86dc30bda64, state=
2025-03-03 20:10:31.032 [main] INFO  o.s.c.b.c.PropertySourceBootstrapConfiguration - Located property source: [BootstrapPropertySource {name='bootstrapProperties-configClient'}, BootstrapPropertySource {name='bootstrapProperties-https://github.com/AldoSBou/BootcampConfigServerFiles/bt-ms-accounts-dev.yml'}]
2025-03-03 20:10:31.048 [main] INFO  c.b.b.c.AccountControllerTest - No active profile set, falling back to 1 default profile: "default"
2025-03-03 20:10:33.438 [main] INFO  c.b.b.c.AccountControllerTest - Started AccountControllerTest in 3.898 seconds (process running for 6.056)
2025-03-03 20:10:33.614 [main] DEBUG o.s.w.r.f.client.ExchangeFunctions - [6ed238c2] HTTP POST /api/accounts/1213123412321/balance
2025-03-03 20:10:33.974 [parallel-1] DEBUG o.s.w.r.f.client.ExchangeFunctions - [6ed238c2] [7bffda47] Response 202 ACCEPTED
