2025-02-27 13:07:56.517 [main] INFO  o.s.t.c.s.AnnotationConfigContextLoaderUtils - Could not detect default configuration classes for test class [com.bootcamp.btmsaccounts.controller.AccountControllerTest]: AccountControllerTest does not declare any static, non-private, non-final, nested classes annotated with @Configuration.
2025-02-27 13:07:56.624 [main] INFO  o.s.b.t.c.SpringBootTestContextBootstrapper - Found @SpringBootConfiguration com.bootcamp.btmsaccounts.MsAccountsApplication for test class com.bootcamp.btmsaccounts.controller.AccountControllerTest
2025-02-27 13:07:57.079 [background-preinit] INFO  o.h.validator.internal.util.Version - HV000001: Hibernate Validator 8.0.2.Final
2025-02-27 13:07:57.482 [main] INFO  o.s.c.c.c.ConfigServicePropertySourceLocator - Fetching config from server at : http://localhost:9001
2025-02-27 13:07:57.541 [main] INFO  o.s.c.c.c.ConfigServicePropertySourceLocator - Exception on Url - http://localhost:9001:org.springframework.web.client.ResourceAccessException: I/O error on GET request for "http://localhost:9001/bt-ms-accounts/dev": Connection refused: getsockopt. Will be trying the next url if available
2025-02-27 13:07:57.541 [main] WARN  o.s.c.c.c.ConfigServicePropertySourceLocator - Could not locate PropertySource: I/O error on GET request for "http://localhost:9001/bt-ms-accounts/dev": Connection refused: getsockopt
2025-02-27 13:07:57.548 [main] INFO  c.b.b.deposito.AccountControllerTest - No active profile set, falling back to 1 default profile: "default"
2025-02-27 13:07:58.606 [main] WARN  o.s.b.w.r.c.GenericReactiveWebApplicationContext - Exception encountered during context initialization - cancelling refresh attempt: org.springframework.beans.factory.UnsatisfiedDependencyException: Error creating bean with name 'accountController' defined in file [C:\Users\Aldo\Desktop\Bootcamp\BootcampMsAccounts\target\classes\com\bootcamp\btmsaccounts\controller\AccountController.class]: Unsatisfied dependency expressed through constructor parameter 0: No qualifying bean of type 'com.bootcamp.btmsaccounts.mapper.MapperAccount' available: expected at least 1 bean which qualifies as autowire candidate. Dependency annotations: {}
2025-02-27 13:07:58.611 [main] INFO  o.s.b.a.l.ConditionEvaluationReportLogger - 

Error starting ApplicationContext. To display the condition evaluation report re-run your application with 'debug' enabled.
2025-02-27 13:07:58.625 [main] ERROR o.s.b.d.LoggingFailureAnalysisReporter - 

***************************
APPLICATION FAILED TO START
***************************

Description:

Parameter 0 of constructor in com.bootcamp.btmsaccounts.controller.AccountController required a bean of type 'com.bootcamp.btmsaccounts.mapper.MapperAccount' that could not be found.


Action:

Consider defining a bean of type 'com.bootcamp.btmsaccounts.mapper.MapperAccount' in your configuration.

2025-02-27 13:07:58.628 [main] WARN  o.s.test.context.TestContextManager - Caught exception while allowing TestExecutionListener [org.springframework.test.context.bean.override.BeanOverrideTestExecutionListener] to prepare test instance [com.bootcamp.btmsaccounts.controller.AccountControllerTest@3a16984c]
java.lang.IllegalStateException: Failed to load ApplicationContext for [ReactiveWebMergedContextConfiguration@2ae5bd34 testClass = com.bootcamp.btmsaccounts.controller.AccountControllerTest, locations = [], classes = [com.bootcamp.btmsaccounts.MsAccountsApplication], contextInitializerClasses = [], activeProfiles = [], propertySourceDescriptors = [], propertySourceProperties = ["org.springframework.boot.test.autoconfigure.web.reactive.WebFluxTestContextBootstrapper=true"], contextCustomizers = [[ImportsContextCustomizer@2b3f7704 key = [org.springframework.boot.autoconfigure.security.reactive.ReactiveSecurityAutoConfiguration, org.springframework.boot.autoconfigure.security.reactive.ReactiveUserDetailsServiceAutoConfiguration, org.springframework.boot.autoconfigure.cache.CacheAutoConfiguration, org.springframework.boot.autoconfigure.validation.ValidationAutoConfiguration, org.springframework.boot.autoconfigure.web.reactive.error.ErrorWebFluxAutoConfiguration, org.springframework.boot.autoconfigure.context.MessageSourceAutoConfiguration, org.springframework.boot.autoconfigure.jackson.JacksonAutoConfiguration, org.springframework.boot.autoconfigure.security.oauth2.resource.reactive.ReactiveOAuth2ResourceServerAutoConfiguration, org.springframework.boot.test.autoconfigure.web.reactive.WebTestClientAutoConfiguration, org.springframework.boot.autoconfigure.thymeleaf.ThymeleafAutoConfiguration, org.springframework.boot.autoconfigure.gson.GsonAutoConfiguration, org.springframework.boot.autoconfigure.jsonb.JsonbAutoConfiguration, org.springframework.boot.autoconfigure.freemarker.FreeMarkerAutoConfiguration, org.springframework.boot.autoconfigure.web.reactive.WebFluxAutoConfiguration, org.springframework.boot.autoconfigure.security.oauth2.client.reactive.ReactiveOAuth2ClientAutoConfiguration, org.springframework.boot.autoconfigure.http.codec.CodecsAutoConfiguration, org.springframework.boot.autoconfigure.mustache.MustacheAutoConfiguration]], org.springframework.boot.test.context.filter.ExcludeFilterContextCustomizer@17a1e4ca, org.springframework.boot.test.json.DuplicateJsonObjectContextCustomizerFactory$DuplicateJsonObjectContextCustomizer@4a194c39, org.springframework.boot.test.mock.mockito.MockitoContextCustomizer@0, org.springframework.boot.test.web.reactor.netty.DisableReactorResourceFactoryGlobalResourcesContextCustomizerFactory$DisableReactorResourceFactoryGlobalResourcesContextCustomizerCustomizer@2c5529ab, org.springframework.boot.test.autoconfigure.OnFailureConditionReportContextCustomizerFactory$OnFailureConditionReportContextCustomizer@2c532cd8, org.springframework.boot.test.autoconfigure.OverrideAutoConfigurationContextCustomizerFactory$DisableAutoConfigurationContextCustomizer@5911e990, org.springframework.boot.test.autoconfigure.actuate.observability.ObservabilityContextCustomizerFactory$DisableObservabilityContextCustomizer@1f, org.springframework.boot.test.autoconfigure.filter.TypeExcludeFiltersContextCustomizer@82f4abe1, org.springframework.boot.test.autoconfigure.properties.PropertyMappingContextCustomizer@90950f58, org.springframework.boot.test.autoconfigure.web.servlet.WebDriverContextCustomizer@784c3487, org.springframework.test.context.bean.override.BeanOverrideContextCustomizer@3331f763, org.springframework.test.context.support.DynamicPropertiesContextCustomizer@0, org.springframework.boot.test.context.SpringBootTestAnnotation@8b2a31e4], contextLoader = org.springframework.boot.test.context.SpringBootContextLoader, parent = null]
	at org.springframework.test.context.cache.DefaultCacheAwareContextLoaderDelegate.loadContext(DefaultCacheAwareContextLoaderDelegate.java:180)
	at org.springframework.test.context.support.DefaultTestContext.getApplicationContext(DefaultTestContext.java:130)
	at org.springframework.test.context.bean.override.BeanOverrideTestExecutionListener.injectFields(BeanOverrideTestExecutionListener.java:87)
	at org.springframework.test.context.bean.override.BeanOverrideTestExecutionListener.prepareTestInstance(BeanOverrideTestExecutionListener.java:58)
	at org.springframework.test.context.TestContextManager.prepareTestInstance(TestContextManager.java:260)
	at org.springframework.test.context.junit.jupiter.SpringExtension.postProcessTestInstance(SpringExtension.java:160)
	at org.junit.jupiter.engine.descriptor.ClassBasedTestDescriptor.lambda$invokeTestInstancePostProcessors$11(ClassBasedTestDescriptor.java:378)
	at org.junit.jupiter.engine.descriptor.ClassBasedTestDescriptor.executeAndMaskThrowable(ClassBasedTestDescriptor.java:383)
	at org.junit.jupiter.engine.descriptor.ClassBasedTestDescriptor.lambda$invokeTestInstancePostProcessors$12(ClassBasedTestDescriptor.java:378)
	at java.base/java.util.stream.ForEachOps$ForEachOp$OfRef.accept(ForEachOps.java:183)
	at java.base/java.util.stream.ReferencePipeline$3$1.accept(ReferencePipeline.java:197)
	at java.base/java.util.stream.ReferencePipeline$2$1.accept(ReferencePipeline.java:179)
	at java.base/java.util.stream.ReferencePipeline$3$1.accept(ReferencePipeline.java:197)
	at java.base/java.util.ArrayList$ArrayListSpliterator.forEachRemaining(ArrayList.java:1625)
	at java.base/java.util.stream.AbstractPipeline.copyInto(AbstractPipeline.java:509)
	at java.base/java.util.stream.AbstractPipeline.wrapAndCopyInto(AbstractPipeline.java:499)
	at java.base/java.util.stream.ForEachOps$ForEachOp.evaluateSequential(ForEachOps.java:150)
	at java.base/java.util.stream.ForEachOps$ForEachOp$OfRef.evaluateSequential(ForEachOps.java:173)
	at java.base/java.util.stream.AbstractPipeline.evaluate(AbstractPipeline.java:234)
	at java.base/java.util.stream.ReferencePipeline.forEach(ReferencePipeline.java:596)
	at org.junit.jupiter.engine.descriptor.ClassBasedTestDescriptor.invokeTestInstancePostProcessors(ClassBasedTestDescriptor.java:377)
	at org.junit.jupiter.engine.descriptor.ClassBasedTestDescriptor.lambda$instantiateAndPostProcessTestInstance$7(ClassBasedTestDescriptor.java:290)
	at org.junit.platform.engine.support.hierarchical.ThrowableCollector.execute(ThrowableCollector.java:73)
	at org.junit.jupiter.engine.descriptor.ClassBasedTestDescriptor.instantiateAndPostProcessTestInstance(ClassBasedTestDescriptor.java:289)
	at org.junit.jupiter.engine.descriptor.ClassBasedTestDescriptor.lambda$testInstancesProvider$5(ClassBasedTestDescriptor.java:279)
	at java.base/java.util.Optional.orElseGet(Optional.java:364)
	at org.junit.jupiter.engine.descriptor.ClassBasedTestDescriptor.lambda$testInstancesProvider$6(ClassBasedTestDescriptor.java:278)
	at org.junit.jupiter.engine.execution.TestInstancesProvider.getTestInstances(TestInstancesProvider.java:31)
	at org.junit.jupiter.engine.descriptor.TestMethodTestDescriptor.lambda$prepare$1(TestMethodTestDescriptor.java:105)
	at org.junit.platform.engine.support.hierarchical.ThrowableCollector.execute(ThrowableCollector.java:73)
	at org.junit.jupiter.engine.descriptor.TestMethodTestDescriptor.prepare(TestMethodTestDescriptor.java:104)
	at org.junit.jupiter.engine.descriptor.TestMethodTestDescriptor.prepare(TestMethodTestDescriptor.java:68)
	at org.junit.platform.engine.support.hierarchical.NodeTestTask.lambda$prepare$2(NodeTestTask.java:128)
	at org.junit.platform.engine.support.hierarchical.ThrowableCollector.execute(ThrowableCollector.java:73)
	at org.junit.platform.engine.support.hierarchical.NodeTestTask.prepare(NodeTestTask.java:128)
	at org.junit.platform.engine.support.hierarchical.NodeTestTask.execute(NodeTestTask.java:95)
	at java.base/java.util.ArrayList.forEach(ArrayList.java:1511)
	at org.junit.platform.engine.support.hierarchical.SameThreadHierarchicalTestExecutorService.invokeAll(SameThreadHierarchicalTestExecutorService.java:41)
	at org.junit.platform.engine.support.hierarchical.NodeTestTask.lambda$executeRecursively$6(NodeTestTask.java:160)
	at org.junit.platform.engine.support.hierarchical.ThrowableCollector.execute(ThrowableCollector.java:73)
	at org.junit.platform.engine.support.hierarchical.NodeTestTask.lambda$executeRecursively$8(NodeTestTask.java:146)
	at org.junit.platform.engine.support.hierarchical.Node.around(Node.java:137)
	at org.junit.platform.engine.support.hierarchical.NodeTestTask.lambda$executeRecursively$9(NodeTestTask.java:144)
	at org.junit.platform.engine.support.hierarchical.ThrowableCollector.execute(ThrowableCollector.java:73)
	at org.junit.platform.engine.support.hierarchical.NodeTestTask.executeRecursively(NodeTestTask.java:143)
	at org.junit.platform.engine.support.hierarchical.NodeTestTask.execute(NodeTestTask.java:100)
	at java.base/java.util.ArrayList.forEach(ArrayList.java:1511)
	at org.junit.platform.engine.support.hierarchical.SameThreadHierarchicalTestExecutorService.invokeAll(SameThreadHierarchicalTestExecutorService.java:41)
	at org.junit.platform.engine.support.hierarchical.NodeTestTask.lambda$executeRecursively$6(NodeTestTask.java:160)
	at org.junit.platform.engine.support.hierarchical.ThrowableCollector.execute(ThrowableCollector.java:73)
	at org.junit.platform.engine.support.hierarchical.NodeTestTask.lambda$executeRecursively$8(NodeTestTask.java:146)
	at org.junit.platform.engine.support.hierarchical.Node.around(Node.java:137)
	at org.junit.platform.engine.support.hierarchical.NodeTestTask.lambda$executeRecursively$9(NodeTestTask.java:144)
	at org.junit.platform.engine.support.hierarchical.ThrowableCollector.execute(ThrowableCollector.java:73)
	at org.junit.platform.engine.support.hierarchical.NodeTestTask.executeRecursively(NodeTestTask.java:143)
	at org.junit.platform.engine.support.hierarchical.NodeTestTask.execute(NodeTestTask.java:100)
	at org.junit.platform.engine.support.hierarchical.SameThreadHierarchicalTestExecutorService.submit(SameThreadHierarchicalTestExecutorService.java:35)
	at org.junit.platform.engine.support.hierarchical.HierarchicalTestExecutor.execute(HierarchicalTestExecutor.java:57)
	at org.junit.platform.engine.support.hierarchical.HierarchicalTestEngine.execute(HierarchicalTestEngine.java:54)
	at org.junit.platform.launcher.core.EngineExecutionOrchestrator.execute(EngineExecutionOrchestrator.java:198)
	at org.junit.platform.launcher.core.EngineExecutionOrchestrator.execute(EngineExecutionOrchestrator.java:169)
	at org.junit.platform.launcher.core.EngineExecutionOrchestrator.execute(EngineExecutionOrchestrator.java:93)
	at org.junit.platform.launcher.core.EngineExecutionOrchestrator.lambda$execute$0(EngineExecutionOrchestrator.java:58)
	at org.junit.platform.launcher.core.EngineExecutionOrchestrator.withInterceptedStreams(EngineExecutionOrchestrator.java:141)
	at org.junit.platform.launcher.core.EngineExecutionOrchestrator.execute(EngineExecutionOrchestrator.java:57)
	at org.junit.platform.launcher.core.DefaultLauncher.execute(DefaultLauncher.java:103)
	at org.junit.platform.launcher.core.DefaultLauncher.execute(DefaultLauncher.java:85)
	at org.junit.platform.launcher.core.DelegatingLauncher.execute(DelegatingLauncher.java:47)
	at org.junit.platform.launcher.core.SessionPerRequestLauncher.execute(SessionPerRequestLauncher.java:63)
	at com.intellij.junit5.JUnit5IdeaTestRunner.startRunnerWithArgs(JUnit5IdeaTestRunner.java:57)
	at com.intellij.rt.junit.IdeaTestRunner$Repeater$1.execute(IdeaTestRunner.java:38)
	at com.intellij.rt.execution.junit.TestsRepeater.repeat(TestsRepeater.java:11)
	at com.intellij.rt.junit.IdeaTestRunner$Repeater.startRunnerWithArgs(IdeaTestRunner.java:35)
	at com.intellij.rt.junit.JUnitStarter.prepareStreamsAndStart(JUnitStarter.java:232)
	at com.intellij.rt.junit.JUnitStarter.main(JUnitStarter.java:55)
Caused by: org.springframework.beans.factory.UnsatisfiedDependencyException: Error creating bean with name 'accountController' defined in file [C:\Users\Aldo\Desktop\Bootcamp\BootcampMsAccounts\target\classes\com\bootcamp\btmsaccounts\controller\AccountController.class]: Unsatisfied dependency expressed through constructor parameter 0: No qualifying bean of type 'com.bootcamp.btmsaccounts.mapper.MapperAccount' available: expected at least 1 bean which qualifies as autowire candidate. Dependency annotations: {}
	at org.springframework.beans.factory.support.ConstructorResolver.createArgumentArray(ConstructorResolver.java:804)
	at org.springframework.beans.factory.support.ConstructorResolver.autowireConstructor(ConstructorResolver.java:240)
	at org.springframework.beans.factory.support.AbstractAutowireCapableBeanFactory.autowireConstructor(AbstractAutowireCapableBeanFactory.java:1381)
	at org.springframework.beans.factory.support.AbstractAutowireCapableBeanFactory.createBeanInstance(AbstractAutowireCapableBeanFactory.java:1218)
	at org.springframework.beans.factory.support.AbstractAutowireCapableBeanFactory.doCreateBean(AbstractAutowireCapableBeanFactory.java:563)
	at org.springframework.beans.factory.support.AbstractAutowireCapableBeanFactory.createBean(AbstractAutowireCapableBeanFactory.java:523)
	at org.springframework.beans.factory.support.AbstractBeanFactory.lambda$doGetBean$0(AbstractBeanFactory.java:336)
	at org.springframework.beans.factory.support.DefaultSingletonBeanRegistry.getSingleton(DefaultSingletonBeanRegistry.java:307)
	at org.springframework.beans.factory.support.AbstractBeanFactory.doGetBean(AbstractBeanFactory.java:334)
	at org.springframework.beans.factory.support.AbstractBeanFactory.getBean(AbstractBeanFactory.java:199)
	at org.springframework.beans.factory.support.DefaultListableBeanFactory.instantiateSingleton(DefaultListableBeanFactory.java:1122)
	at org.springframework.beans.factory.support.DefaultListableBeanFactory.preInstantiateSingleton(DefaultListableBeanFactory.java:1093)
	at org.springframework.beans.factory.support.DefaultListableBeanFactory.preInstantiateSingletons(DefaultListableBeanFactory.java:1030)
	at org.springframework.context.support.AbstractApplicationContext.finishBeanFactoryInitialization(AbstractApplicationContext.java:987)
	at org.springframework.context.support.AbstractApplicationContext.refresh(AbstractApplicationContext.java:627)
	at org.springframework.boot.SpringApplication.refresh(SpringApplication.java:752)
	at org.springframework.boot.SpringApplication.refreshContext(SpringApplication.java:439)
	at org.springframework.boot.SpringApplication.run(SpringApplication.java:318)
	at org.springframework.boot.test.context.SpringBootContextLoader.lambda$loadContext$3(SpringBootContextLoader.java:137)
	at org.springframework.util.function.ThrowingSupplier.get(ThrowingSupplier.java:58)
	at org.springframework.util.function.ThrowingSupplier.get(ThrowingSupplier.java:46)
	at org.springframework.boot.SpringApplication.withHook(SpringApplication.java:1461)
	at org.springframework.boot.test.context.SpringBootContextLoader$ContextLoaderHook.run(SpringBootContextLoader.java:553)
	at org.springframework.boot.test.context.SpringBootContextLoader.loadContext(SpringBootContextLoader.java:137)
	at org.springframework.boot.test.context.SpringBootContextLoader.loadContext(SpringBootContextLoader.java:108)
	at org.springframework.test.context.cache.DefaultCacheAwareContextLoaderDelegate.loadContextInternal(DefaultCacheAwareContextLoaderDelegate.java:225)
	at org.springframework.test.context.cache.DefaultCacheAwareContextLoaderDelegate.loadContext(DefaultCacheAwareContextLoaderDelegate.java:152)
	... 74 common frames omitted
Caused by: org.springframework.beans.factory.NoSuchBeanDefinitionException: No qualifying bean of type 'com.bootcamp.btmsaccounts.mapper.MapperAccount' available: expected at least 1 bean which qualifies as autowire candidate. Dependency annotations: {}
	at org.springframework.beans.factory.support.DefaultListableBeanFactory.raiseNoMatchingBeanFound(DefaultListableBeanFactory.java:2144)
	at org.springframework.beans.factory.support.DefaultListableBeanFactory.doResolveDependency(DefaultListableBeanFactory.java:1594)
	at org.springframework.beans.factory.support.DefaultListableBeanFactory.resolveDependency(DefaultListableBeanFactory.java:1519)
	at org.springframework.beans.factory.support.ConstructorResolver.resolveAutowiredArgument(ConstructorResolver.java:913)
	at org.springframework.beans.factory.support.ConstructorResolver.createArgumentArray(ConstructorResolver.java:791)
	... 100 common frames omitted
2025-02-27 13:09:25.143 [main] INFO  o.s.t.c.s.AnnotationConfigContextLoaderUtils - Could not detect default configuration classes for test class [com.bootcamp.btmsaccounts.controller.AccountControllerTest]: AccountControllerTest does not declare any static, non-private, non-final, nested classes annotated with @Configuration.
2025-02-27 13:09:25.242 [main] INFO  o.s.b.t.c.SpringBootTestContextBootstrapper - Found @SpringBootConfiguration com.bootcamp.btmsaccounts.MsAccountsApplication for test class com.bootcamp.btmsaccounts.controller.AccountControllerTest
2025-02-27 13:10:44.285 [main] INFO  o.s.t.c.s.AnnotationConfigContextLoaderUtils - Could not detect default configuration classes for test class [com.bootcamp.btmsaccounts.controller.AccountControllerTest]: AccountControllerTest does not declare any static, non-private, non-final, nested classes annotated with @Configuration.
2025-02-27 13:10:44.375 [main] INFO  o.s.b.t.c.SpringBootTestContextBootstrapper - Found @SpringBootConfiguration com.bootcamp.btmsaccounts.MsAccountsApplication for test class com.bootcamp.btmsaccounts.controller.AccountControllerTest
2025-02-27 13:11:20.984 [main] INFO  o.s.t.c.s.AnnotationConfigContextLoaderUtils - Could not detect default configuration classes for test class [com.bootcamp.btmsaccounts.controller.AccountControllerTest]: AccountControllerTest does not declare any static, non-private, non-final, nested classes annotated with @Configuration.
2025-02-27 13:11:21.076 [main] INFO  o.s.b.t.c.SpringBootTestContextBootstrapper - Found @SpringBootConfiguration com.bootcamp.btmsaccounts.MsAccountsApplication for test class com.bootcamp.btmsaccounts.controller.AccountControllerTest
2025-02-27 13:19:01.310 [main] INFO  o.s.t.c.s.AnnotationConfigContextLoaderUtils - Could not detect default configuration classes for test class [com.bootcamp.btmsaccounts.controller.AccountControllerTest]: AccountControllerTest does not declare any static, non-private, non-final, nested classes annotated with @Configuration.
2025-02-27 13:19:01.405 [main] INFO  o.s.b.t.c.SpringBootTestContextBootstrapper - Found @SpringBootConfiguration com.bootcamp.btmsaccounts.MsAccountsApplication for test class com.bootcamp.btmsaccounts.controller.AccountControllerTest
2025-02-27 13:32:17.890 [main] INFO  o.s.t.c.s.AnnotationConfigContextLoaderUtils - Could not detect default configuration classes for test class [com.bootcamp.btmsaccounts.controller.AccountControllerTest]: AccountControllerTest does not declare any static, non-private, non-final, nested classes annotated with @Configuration.
2025-02-27 13:32:17.995 [main] INFO  o.s.b.t.c.SpringBootTestContextBootstrapper - Found @SpringBootConfiguration com.bootcamp.btmsaccounts.MsAccountsApplication for test class com.bootcamp.btmsaccounts.controller.AccountControllerTest
2025-02-27 13:32:18.456 [background-preinit] INFO  o.h.validator.internal.util.Version - HV000001: Hibernate Validator 8.0.2.Final
2025-02-27 13:32:18.864 [main] INFO  o.s.c.c.c.ConfigServicePropertySourceLocator - Fetching config from server at : http://localhost:9001
2025-02-27 13:32:18.919 [main] INFO  o.s.c.c.c.ConfigServicePropertySourceLocator - Exception on Url - http://localhost:9001:org.springframework.web.client.ResourceAccessException: I/O error on GET request for "http://localhost:9001/bt-ms-accounts/dev": Connection refused: getsockopt. Will be trying the next url if available
2025-02-27 13:32:18.919 [main] WARN  o.s.c.c.c.ConfigServicePropertySourceLocator - Could not locate PropertySource: I/O error on GET request for "http://localhost:9001/bt-ms-accounts/dev": Connection refused: getsockopt
2025-02-27 13:32:18.926 [main] INFO  c.b.b.c.AccountControllerTest - No active profile set, falling back to 1 default profile: "default"
2025-02-27 13:32:20.584 [main] INFO  c.b.b.c.AccountControllerTest - Started AccountControllerTest in 2.41 seconds (process running for 3.485)
2025-02-27 13:33:40.074 [main] INFO  o.s.t.c.s.AnnotationConfigContextLoaderUtils - Could not detect default configuration classes for test class [com.bootcamp.btmsaccounts.controller.AccountControllerTest]: AccountControllerTest does not declare any static, non-private, non-final, nested classes annotated with @Configuration.
2025-02-27 13:33:40.175 [main] INFO  o.s.b.t.c.SpringBootTestContextBootstrapper - Found @SpringBootConfiguration com.bootcamp.btmsaccounts.MsAccountsApplication for test class com.bootcamp.btmsaccounts.controller.AccountControllerTest
2025-02-27 13:33:40.617 [background-preinit] INFO  o.h.validator.internal.util.Version - HV000001: Hibernate Validator 8.0.2.Final
2025-02-27 13:33:41.009 [main] INFO  o.s.c.c.c.ConfigServicePropertySourceLocator - Fetching config from server at : http://localhost:9001
2025-02-27 13:33:41.063 [main] INFO  o.s.c.c.c.ConfigServicePropertySourceLocator - Exception on Url - http://localhost:9001:org.springframework.web.client.ResourceAccessException: I/O error on GET request for "http://localhost:9001/bt-ms-accounts/dev": Connection refused: getsockopt. Will be trying the next url if available
2025-02-27 13:33:41.063 [main] WARN  o.s.c.c.c.ConfigServicePropertySourceLocator - Could not locate PropertySource: I/O error on GET request for "http://localhost:9001/bt-ms-accounts/dev": Connection refused: getsockopt
2025-02-27 13:33:41.070 [main] INFO  c.b.b.c.AccountControllerTest - No active profile set, falling back to 1 default profile: "default"
2025-02-27 13:33:42.723 [main] INFO  c.b.b.c.AccountControllerTest - Started AccountControllerTest in 2.393 seconds (process running for 3.398)
2025-02-27 13:33:42.839 [main] DEBUG o.s.w.r.f.client.ExchangeFunctions - [34070bd2] HTTP POST /testAccountId/balance
2025-02-27 13:33:42.989 [parallel-1] DEBUG o.s.w.r.f.client.ExchangeFunctions - [34070bd2] [1fe0054] Response 404 NOT_FOUND
2025-02-27 13:33:43.012 [main] ERROR o.s.t.w.r.server.ExchangeResult - Request details for assertion failure:

> POST /testAccountId/balance
> WebTestClient-Request-Id: [1]
> Content-Type: [application/json]
> Content-Length: [47]

{"customerId":"123459218s9asd","balance":100.0}

< 404 NOT_FOUND Not Found
< Content-Type: [application/json]
< Content-Length: [133]

{"timestamp":"2025-02-27T18:33:42.968+00:00","path":"/testAccountId/balance","status":404,"error":"Not Found","requestId":"49fc4b67"}

2025-02-27 13:35:52.338 [main] INFO  o.s.t.c.s.AnnotationConfigContextLoaderUtils - Could not detect default configuration classes for test class [com.bootcamp.btmsaccounts.controller.AccountControllerTest]: AccountControllerTest does not declare any static, non-private, non-final, nested classes annotated with @Configuration.
2025-02-27 13:35:52.448 [main] INFO  o.s.b.t.c.SpringBootTestContextBootstrapper - Found @SpringBootConfiguration com.bootcamp.btmsaccounts.MsAccountsApplication for test class com.bootcamp.btmsaccounts.controller.AccountControllerTest
2025-02-27 13:35:52.885 [background-preinit] INFO  o.h.validator.internal.util.Version - HV000001: Hibernate Validator 8.0.2.Final
2025-02-27 13:35:53.279 [main] INFO  o.s.c.c.c.ConfigServicePropertySourceLocator - Fetching config from server at : http://localhost:9001
2025-02-27 13:35:53.335 [main] INFO  o.s.c.c.c.ConfigServicePropertySourceLocator - Exception on Url - http://localhost:9001:org.springframework.web.client.ResourceAccessException: I/O error on GET request for "http://localhost:9001/bt-ms-accounts/dev": Connection refused: getsockopt. Will be trying the next url if available
2025-02-27 13:35:53.335 [main] WARN  o.s.c.c.c.ConfigServicePropertySourceLocator - Could not locate PropertySource: I/O error on GET request for "http://localhost:9001/bt-ms-accounts/dev": Connection refused: getsockopt
2025-02-27 13:35:53.342 [main] INFO  c.b.b.c.AccountControllerTest - No active profile set, falling back to 1 default profile: "default"
2025-02-27 13:35:54.992 [main] INFO  c.b.b.c.AccountControllerTest - Started AccountControllerTest in 2.401 seconds (process running for 3.465)
2025-02-27 13:35:55.110 [main] DEBUG o.s.w.r.f.client.ExchangeFunctions - [1e9d7366] HTTP POST /1213123412321/balance
2025-02-27 13:35:55.233 [parallel-1] DEBUG o.s.w.r.f.client.ExchangeFunctions - [1e9d7366] [1d9db505] Response 404 NOT_FOUND
2025-02-27 13:35:55.251 [main] ERROR o.s.t.w.r.server.ExchangeResult - Request details for assertion failure:

> POST /1213123412321/balance
> WebTestClient-Request-Id: [1]
> Content-Type: [application/json]
> Content-Length: [47]

{"customerId":"123459218s9asd","balance":100.0}

< 404 NOT_FOUND Not Found
< Content-Type: [application/json]
< Content-Length: [133]

{"timestamp":"2025-02-27T18:35:55.219+00:00","path":"/1213123412321/balance","status":404,"error":"Not Found","requestId":"5e1c0a73"}

2025-02-27 13:39:42.044 [main] INFO  o.s.t.c.s.AnnotationConfigContextLoaderUtils - Could not detect default configuration classes for test class [com.bootcamp.btmsaccounts.controller.AccountControllerTest]: AccountControllerTest does not declare any static, non-private, non-final, nested classes annotated with @Configuration.
2025-02-27 13:39:42.150 [main] INFO  o.s.b.t.c.SpringBootTestContextBootstrapper - Found @SpringBootConfiguration com.bootcamp.btmsaccounts.MsAccountsApplication for test class com.bootcamp.btmsaccounts.controller.AccountControllerTest
2025-02-27 13:39:42.578 [background-preinit] INFO  o.h.validator.internal.util.Version - HV000001: Hibernate Validator 8.0.2.Final
2025-02-27 13:39:42.982 [main] INFO  o.s.c.c.c.ConfigServicePropertySourceLocator - Fetching config from server at : http://localhost:9001
2025-02-27 13:39:43.042 [main] INFO  o.s.c.c.c.ConfigServicePropertySourceLocator - Exception on Url - http://localhost:9001:org.springframework.web.client.ResourceAccessException: I/O error on GET request for "http://localhost:9001/bt-ms-accounts/dev": Connection refused: getsockopt. Will be trying the next url if available
2025-02-27 13:39:43.042 [main] WARN  o.s.c.c.c.ConfigServicePropertySourceLocator - Could not locate PropertySource: I/O error on GET request for "http://localhost:9001/bt-ms-accounts/dev": Connection refused: getsockopt
2025-02-27 13:39:43.050 [main] INFO  c.b.b.c.AccountControllerTest - No active profile set, falling back to 1 default profile: "default"
2025-02-27 13:39:44.654 [main] INFO  c.b.b.c.AccountControllerTest - Started AccountControllerTest in 2.353 seconds (process running for 3.419)
2025-02-27 13:39:44.772 [main] DEBUG o.s.w.r.f.client.ExchangeFunctions - [2ce24a1a] HTTP POST /api/accounts/1213123412321/balance
2025-02-27 13:39:44.983 [parallel-1] DEBUG o.s.w.r.f.client.ExchangeFunctions - [2ce24a1a] [4d5c48ef] Response 202 ACCEPTED
2025-02-27 13:40:29.744 [main] INFO  o.s.t.c.s.AnnotationConfigContextLoaderUtils - Could not detect default configuration classes for test class [com.bootcamp.btmsaccounts.controller.AccountControllerTest]: AccountControllerTest does not declare any static, non-private, non-final, nested classes annotated with @Configuration.
2025-02-27 13:40:30.055 [main] INFO  o.s.b.t.c.SpringBootTestContextBootstrapper - Found @SpringBootConfiguration com.bootcamp.btmsaccounts.MsAccountsApplication for test class com.bootcamp.btmsaccounts.controller.AccountControllerTest
2025-02-27 13:40:30.701 [background-preinit] INFO  o.h.validator.internal.util.Version - HV000001: Hibernate Validator 8.0.2.Final
2025-02-27 13:40:31.634 [main] INFO  o.s.c.c.c.ConfigServicePropertySourceLocator - Fetching config from server at : http://localhost:9001
2025-02-27 13:40:31.812 [main] INFO  o.s.c.c.c.ConfigServicePropertySourceLocator - Exception on Url - http://localhost:9001:org.springframework.web.client.ResourceAccessException: I/O error on GET request for "http://localhost:9001/bt-ms-accounts/dev": Connection refused: no further information. Will be trying the next url if available
2025-02-27 13:40:31.813 [main] WARN  o.s.c.c.c.ConfigServicePropertySourceLocator - Could not locate PropertySource: I/O error on GET request for "http://localhost:9001/bt-ms-accounts/dev": Connection refused: no further information
2025-02-27 13:40:31.830 [main] INFO  c.b.b.c.AccountControllerTest - No active profile set, falling back to 1 default profile: "default"
2025-02-27 13:40:34.458 [main] INFO  c.b.b.c.AccountControllerTest - Started AccountControllerTest in 4.235 seconds (process running for 6.306)
2025-02-27 13:40:34.638 [main] DEBUG o.s.w.r.f.client.ExchangeFunctions - [74a8d26c] HTTP POST /testAccountId/balance
2025-02-27 13:40:34.894 [parallel-1] DEBUG o.s.w.r.f.client.ExchangeFunctions - [74a8d26c] [2ce8f823] Response 404 NOT_FOUND
2025-02-27 13:40:34.934 [main] ERROR o.s.t.w.r.server.ExchangeResult - Request details for assertion failure:

> POST /testAccountId/balance
> WebTestClient-Request-Id: [1]
> Content-Type: [application/json]
> Content-Length: [47]

{"customerId":"testCustomerId","balance":100.0}

< 404 NOT_FOUND Not Found
< Content-Type: [application/json]
< Content-Length: [133]

{"timestamp":"2025-02-27T18:40:34.854+00:00","path":"/testAccountId/balance","status":404,"error":"Not Found","requestId":"558571fb"}

2025-02-27 13:40:34.983 [main] DEBUG o.s.w.r.f.client.ExchangeFunctions - [9a38c90] HTTP POST /testAccountId/balance
2025-02-27 13:40:34.986 [parallel-2] DEBUG o.s.w.r.f.client.ExchangeFunctions - [9a38c90] [2eecad9a] Response 404 NOT_FOUND
2025-02-27 13:40:34.987 [main] ERROR o.s.t.w.r.server.ExchangeResult - Request details for assertion failure:

> POST /testAccountId/balance
> WebTestClient-Request-Id: [2]
> Content-Type: [application/json]
> Content-Length: [33]

{"customerId":"","balance":100.0}

< 404 NOT_FOUND Not Found
< Content-Type: [application/json]
< Content-Length: [133]

{"timestamp":"2025-02-27T18:40:34.986+00:00","path":"/testAccountId/balance","status":404,"error":"Not Found","requestId":"2414c6ea"}

2025-02-27 13:40:34.992 [main] DEBUG o.s.w.r.f.client.ExchangeFunctions - [7dd43529] HTTP POST /api/accounts/1213123412321/balance
2025-02-27 13:40:35.191 [parallel-3] DEBUG o.s.w.r.f.client.ExchangeFunctions - [7dd43529] [198b9983] Response 202 ACCEPTED
2025-02-27 13:41:11.958 [main] INFO  o.s.t.c.s.AnnotationConfigContextLoaderUtils - Could not detect default configuration classes for test class [com.bootcamp.btmsaccounts.controller.AccountControllerTest]: AccountControllerTest does not declare any static, non-private, non-final, nested classes annotated with @Configuration.
2025-02-27 13:41:12.275 [main] INFO  o.s.b.t.c.SpringBootTestContextBootstrapper - Found @SpringBootConfiguration com.bootcamp.btmsaccounts.MsAccountsApplication for test class com.bootcamp.btmsaccounts.controller.AccountControllerTest
2025-02-27 13:41:12.937 [background-preinit] INFO  o.h.validator.internal.util.Version - HV000001: Hibernate Validator 8.0.2.Final
2025-02-27 13:41:13.735 [main] INFO  o.s.c.c.c.ConfigServicePropertySourceLocator - Fetching config from server at : http://localhost:9001
2025-02-27 13:41:13.883 [main] INFO  o.s.c.c.c.ConfigServicePropertySourceLocator - Exception on Url - http://localhost:9001:org.springframework.web.client.ResourceAccessException: I/O error on GET request for "http://localhost:9001/bt-ms-accounts/dev": Connection refused: no further information. Will be trying the next url if available
2025-02-27 13:41:13.884 [main] WARN  o.s.c.c.c.ConfigServicePropertySourceLocator - Could not locate PropertySource: I/O error on GET request for "http://localhost:9001/bt-ms-accounts/dev": Connection refused: no further information
2025-02-27 13:41:13.894 [main] INFO  c.b.b.c.AccountControllerTest - No active profile set, falling back to 1 default profile: "default"
2025-02-27 13:41:16.381 [main] INFO  c.b.b.c.AccountControllerTest - Started AccountControllerTest in 3.909 seconds (process running for 6.238)
2025-02-27 13:41:16.551 [main] DEBUG o.s.w.r.f.client.ExchangeFunctions - [361a1ec3] HTTP POST /api/accounts/1213123412321/balance
2025-02-27 13:41:16.900 [parallel-1] DEBUG o.s.w.r.f.client.ExchangeFunctions - [361a1ec3] [255de933] Response 202 ACCEPTED
2025-02-27 16:45:16.632 [main] INFO  o.s.t.c.s.AnnotationConfigContextLoaderUtils - Could not detect default configuration classes for test class [com.bootcamp.btmsaccounts.controller.AccountControllerTest]: AccountControllerTest does not declare any static, non-private, non-final, nested classes annotated with @Configuration.
2025-02-27 16:45:16.873 [main] INFO  o.s.b.t.c.SpringBootTestContextBootstrapper - Found @SpringBootConfiguration com.bootcamp.btmsaccounts.MsAccountsApplication for test class com.bootcamp.btmsaccounts.controller.AccountControllerTest
2025-02-27 16:45:17.558 [background-preinit] INFO  o.h.validator.internal.util.Version - HV000001: Hibernate Validator 8.0.2.Final
2025-02-27 16:45:18.398 [main] INFO  o.s.c.c.c.ConfigServicePropertySourceLocator - Fetching config from server at : http://localhost:9001
2025-02-27 16:45:18.524 [main] INFO  o.s.c.c.c.ConfigServicePropertySourceLocator - Exception on Url - http://localhost:9001:org.springframework.web.client.ResourceAccessException: I/O error on GET request for "http://localhost:9001/bt-ms-accounts/dev": Connection refused: no further information. Will be trying the next url if available
2025-02-27 16:45:18.524 [main] WARN  o.s.c.c.c.ConfigServicePropertySourceLocator - Could not locate PropertySource: I/O error on GET request for "http://localhost:9001/bt-ms-accounts/dev": Connection refused: no further information
2025-02-27 16:45:18.534 [main] INFO  c.b.b.c.AccountControllerTest - No active profile set, falling back to 1 default profile: "default"
2025-02-27 16:45:21.052 [main] INFO  c.b.b.c.AccountControllerTest - Started AccountControllerTest in 4.0 seconds (process running for 6.143)
2025-02-27 16:45:21.267 [main] DEBUG o.s.w.r.f.client.ExchangeFunctions - [51aae61a] HTTP POST /api/accounts/1213123412321/balance
2025-02-27 16:45:21.680 [parallel-1] DEBUG o.s.w.r.f.client.ExchangeFunctions - [51aae61a] [557d6d01] Response 202 ACCEPTED
